******************************************************************************
                  TI ARM Linker PC v5.1.6                      
******************************************************************************
>> Linked Sun Jan 25 17:50:44 2015

OUTPUT FILE NAME:   <wlan_station.out>
ENTRY POINT SYMBOL: "_c_int00"  address: 2000e601


MEMORY CONFIGURATION

         name            origin    length      used     unused   attr    fill
----------------------  --------  ---------  --------  --------  ----  --------
  SRAM_CODE             20004000   00014000  0000eca2  0000535e  RW X
  SRAM_DATA             20018000   00018000  0000bac6  0000c53a  RW X


SEGMENT ALLOCATION MAP

run origin  load origin   length   init length attrs members
----------  ----------- ---------- ----------- ----- -------
20004000    20004000    0000eca8   0000eca8    r-x
  20004000    20004000    0000030c   0000030c    r-- .resetVecs
  2000430c    2000430c    0000c1ba   0000c1ba    r-x .text
  200104c8    200104c8    00002474   00002474    r-- .const
  20012940    20012940    00000368   00000368    r-- .cinit
20018000    20018000    00009ac8   00000000    rw-
  20018000    20018000    0000948e   00000000    rw- .bss
  20021490    20021490    00000638   00000000    rw- .data
2002e000    2002e000    00002000   00000000    rw-
  2002e000    2002e000    00002000   00000000    rw- .stack


SECTION ALLOCATION MAP

 output                                  attributes/
section   page    origin      length       input sections
--------  ----  ----------  ----------   ----------------
.bootVecs 
*          0    00000000    00000008     DSECT
                  00000000    00000008     boot.aem4 : boot.oem4 (.bootVecs)

xdc.meta   0    00000000    000000f8     COPY SECTION
                  00000000    000000f8     app_pem4.oem4 (xdc.meta)

.init_array 
*          0    20004000    00000000     UNINITIALIZED

.vecs      0    20004000    00000000     DSECT

.resetVecs 
*          0    20004000    0000030c     
                  20004000    0000030c     app_pem4.oem4 (.resetVecs)

.text      0    2000430c    0000c1ba     
                  2000430c    00000ec0     rtsv7M4_T_le_eabi.lib : _printfi.obj (.text)
                  200051cc    00000ccc     main.obj (.text)
                  20005e98    00000540     ti_rtos.a : osi_tirtos.obj (.text)
                  200063d8    00000424     sysbios.aem4 : BIOS.obj (.text:ti_sysbios_family_arm_m3_Hwi_excDumpRegs__I)
                  200067fc    000003bc     gpio_if.obj (.text)
                  20006bb8    000003a6     simplelink.a : driver.obj (.text:_SlDrvMsgRead)
                  20006f5e    00000002     app_pem4.oem4 (.text:ti_sysbios_BIOS_nullFunc__I)
                  20006f60    00000394     bridge_tcp2uart.obj (.text)
                  200072f4    0000034c     simplelink.a : driver.obj (.text:_SlAsyncEventGenericHandler)
                  20007640    0000033c     ti.targets.arm.rtsarm.aem4 : System.oem4 (.text:xdc_runtime_System_doPrint__I)
                  2000797c    00000304     sysbios.aem4 : BIOS.obj (.text:ti_sysbios_knl_Semaphore_pend__E)
                  20007c80    000002d4     rtsv7M4_T_le_eabi.lib : trgdrv.obj (.text)
                  20007f54    0000026c     uart_if.obj (.text)
                  200081c0    00000248     sysbios.aem4 : BIOS.obj (.text:ti_sysbios_heaps_HeapMem_free__E)
                  20008408    00000234                  : BIOS.obj (.text:ti_sysbios_heaps_HeapMem_alloc__E)
                  2000863c    00000228                  : BIOS.obj (.text:ti_sysbios_knl_Task_Instance_finalize__E)
                  20008864    00000208                  : BIOS.obj (.text:ti_sysbios_knl_Task_sleep__E)
                  20008a6c    000001f8                  : BIOS.obj (.text:ti_sysbios_family_arm_m3_Hwi_excHandlerMax__I)
                  20008c64    000001f4     rtsv7M4_T_le_eabi.lib : ull_div_t2.obj (.text)
                  20008e58    000001bc     sysbios.aem4 : BIOS.obj (.text:ti_sysbios_knl_Task_Instance_init__E)
                  20009014    000001b6     rtsv7M4_T_le_eabi.lib : fd_add_t2.obj (.text)
                  200091ca    00000002     sysbios.aem4 : BIOS.obj (.text:ti_sysbios_gates_GateHwi_Instance_init__E)
                  200091cc    0000018c                  : BIOS.obj (.text:ti_sysbios_knl_Task_Module_startup__E)
                  20009358    00000168                  : BIOS.obj (.text:ti_sysbios_family_arm_m3_Hwi_excBusFault__I)
                  200094c0    00000164     simplelink.a : driver.obj (.text:_SlDrvDataReadOp)
                  20009624    00000160     sysbios.aem4 : BIOS.obj (.text:ti_sysbios_knl_Mailbox_Instance_init__E)
                  20009784    00000154                  : BIOS.obj (.text:ti_sysbios_family_arm_m3_Hwi_excUsageFault__I)
                  200098d8    00000140     simplelink.a : driver.obj (.text:_SlDrvRxHdrRead)
                  20009a18    00000140     sysbios.aem4 : BIOS.obj (.text:ti_sysbios_family_arm_m3_Hwi_excMemFault__I)
                  20009b58    0000013c                  : BIOS.obj (.text:ti_sysbios_family_arm_m3_Hwi_dispatchC__I)
                  20009c94    00000138                  : BIOS.obj (.text:ti_sysbios_heaps_HeapMem_Instance_init__E)
                  20009dcc    00000138                  : BIOS.obj (.text:ti_sysbios_knl_Semaphore_post__E)
                  20009f04    00000136     rtsv7M4_T_le_eabi.lib : fd_div_t2.obj (.text)
                  2000a03a    00000002     app_pem4.oem4 (.text:xdc_runtime_Startup_reset__I)
                  2000a03c    00000134     driverlib.a : prcm.obj (.text:PRCMCC3200MCUInit)
                  2000a170    00000130     simplelink.a : cc_pal.obj (.text:spi_Open)
                  2000a2a0    00000130     ti.targets.arm.rtsarm.aem4 : LoggerBuf.oem4 (.text:xdc_runtime_LoggerBuf_write8__E)
                  2000a3d0    0000012c     sysbios.aem4 : BIOS.obj (.text:ti_sysbios_knl_Clock_workFunc__E)
                  2000a4fc    00000120                  : BIOS.obj (.text:ti_sysbios_knl_Swi_run__I)
                  2000a61c    00000120     ti.targets.arm.rtsarm.aem4 : Error.oem4 (.text:xdc_runtime_Error_policyDefault__E)
                  2000a73c    00000114     simplelink.a : driver.obj (.text:_SlDrvMsgWrite)
                  2000a850    00000110                  : socket.obj (.text:sl_Accept)
                  2000a960    0000010c                  : driver.obj (.text:_SlDrvWaitForPoolObj)
                  2000aa6c    00000108     protocol.obj (.text)
                  2000ab74    00000104     simplelink.a : driver.obj (.text:_SlDrvReleasePoolObj)
                  2000ac78    00000104     ti.targets.arm.rtsarm.aem4 : Core-mem.oem4 (.text:xdc_runtime_Core_createObject__I)
                  2000ad7c    00000104     app_pem4.oem4 (.text:xdc_runtime_System_printfExtend__I)
                  2000ae80    000000fc     rtsv7M4_T_le_eabi.lib : fd_mul_t2.obj (.text)
                  2000af7c    000000fc     ti.targets.arm.rtsarm.aem4 : Startup.oem4 (.text:xdc_runtime_Startup_startMods__I)
                  2000b078    000000f0     driverlib.a : udma.obj (.text:uDMAChannelTransferSet)
                  2000b168    000000e8     simplelink.a : cc_pal.obj (.text:spi_Write)
                  2000b250    000000d4     ti.targets.arm.rtsarm.aem4 : LoggerBuf.oem4 (.text:xdc_runtime_LoggerBuf_write4__E)
                  2000b324    000000d0     sysbios.aem4 : m3_Hwi_asm.obj (.text:ti_sysbios_family_arm_m3_Hwi_dispatch__I)
                  2000b3f4    000000cc     simplelink.a : cc_pal.obj (.text:spi_Read)
                  2000b4c0    000000cc     ti.targets.arm.rtsarm.aem4 : Core-smem.oem4 (.text:xdc_runtime_Core_constructObject__I)
                  2000b58c    000000c8     sysbios.aem4 : BIOS.obj (.text:ti_sysbios_knl_Task_schedule__I)
                  2000b654    000000c4     simplelink.a : device.obj (.text:sl_Stop)
                  2000b718    000000c4     sysbios.aem4 : BIOS.obj (.text:ti_sysbios_family_arm_m3_Hwi_Module_startup__E)
                  2000b7dc    000000c0     simplelink.a : device.obj (.text:sl_Start)
                  2000b89c    000000c0     sysbios.aem4 : BIOS.obj (.text:ti_sysbios_knl_Task_exit__E)
                  2000b95c    000000bc                  : BIOS.obj (.text:ti_sysbios_knl_Task_startCore__E)
                  2000ba18    000000b4     simplelink.a : driver.obj (.text:_SlDrvMsgReadCmdCtx)
                  2000bacc    000000b4     sysbios.aem4 : BIOS.obj (.text:ti_sysbios_family_arm_m3_Hwi_excHardFault__I)
                  2000bb80    000000b4                  : BIOS.obj (.text:ti_sysbios_gates_GateMutex_enter__E)
                  2000bc34    000000b4                  : BIOS.obj (.text:ti_sysbios_knl_Task_checkStacks__E)
                  2000bce8    000000b2     simplelink.a : netapp.obj (.text:_SlDrvNetAppEventHandler)
                  2000bd9a    00000002     --HOLE-- [fill = 0]
                  2000bd9c    000000b0     sysbios.aem4 : BIOS.obj (.text:ti_sysbios_family_arm_m3_Hwi_excDebugMon__I)
                  2000be4c    000000a8     driverlib.a : interrupt.obj (.text:IntEnable)
                  2000bef4    000000a8     sysbios.aem4 : BIOS.obj (.text:ti_sysbios_knl_Swi_post__E)
                  2000bf9c    000000a8                  : BIOS.obj (.text:ti_sysbios_knl_Task_blockI__E)
                  2000c044    000000a8                  : BIOS.obj (.text:ti_sysbios_knl_Task_postInit__I)
                  2000c0ec    000000a0     driverlib.a : spi.obj (.text:SPIConfigSetExpClk)
                  2000c18c    000000a0     auto_init.aem4 : auto_init.oem4 (.text)
                  2000c22c    0000009c     rtsv7M4_T_le_eabi.lib : memcpy_t2.obj (.text)
                  2000c2c8    0000009c     sysbios.aem4 : BIOS.obj (.text:ti_sysbios_family_arm_m3_Hwi_Instance_init__E)
                  2000c364    0000009c                  : BIOS.obj (.text:ti_sysbios_knl_Semaphore_Instance_init__E)
                  2000c400    0000009a     ti.targets.arm.rtsarm.aem4 : Text.oem4 (.text:xdc_runtime_Text_putSite__E)
                  2000c49a    00000002     --HOLE-- [fill = 0]
                  2000c49c    00000098     simplelink.a : driver.obj (.text:_SlFindAndSetActiveObj)
                  2000c534    00000094     driverlib.a : prcm.obj (.text:PRCMPeripheralClockGet)
                  2000c5c8    00000094     simplelink.a : driver.obj (.text:_SlDrvClassifyRxMsg)
                  2000c65c    00000094     sysbios.aem4 : BIOS.obj (.text:ti_sysbios_knl_Mailbox_post__E)
                  2000c6f0    00000094                  : BIOS.obj (.text:ti_sysbios_knl_Task_unblockI__E)
                  2000c784    00000094     ti.targets.arm.rtsarm.aem4 : Text.oem4 (.text:xdc_runtime_Text_putMod__E)
                  2000c818    00000090     simplelink.a : driver.obj (.text:_SlDrvMsgReadSpawnCtx)
                  2000c8a8    00000090     pinmux.obj (.text)
                  2000c938    00000088     driverlib.a : pin.obj (.text:PinConfigSet)
                  2000c9c0    00000088     rtsv7M4_T_le_eabi.lib : vsnprintf.obj (.text)
                  2000ca48    00000088     simplelink.a : netapp.obj (.text:sl_NetAppMDNSRegisterUnregisterService)
                  2000cad0    00000088     sysbios.aem4 : BIOS.obj (.text:ti_sysbios_knl_Mailbox_Module_startup__E)
                  2000cb58    00000086     rtsv7M4_T_le_eabi.lib : fd_cmp_t2.obj (.text:__aeabi_cdcmple)
                  2000cbde    00000086                           : fd_cmp_t2.obj (.text:__aeabi_cdrcmple)
                  2000cc64    00000084     simplelink.a : driver.obj (.text:_SlDrvCmdOp)
                  2000cce8    00000084     sysbios.aem4 : BIOS.obj (.text:ti_sysbios_family_arm_m3_Hwi_initNVIC__E)
                  2000cd6c    00000084                  : BIOS.obj (.text:ti_sysbios_knl_Mailbox_pend__E)
                  2000cdf0    00000082     driverlib.a : gpio.obj (.text:GPIOIntTypeSet)
                  2000ce72    00000002     --HOLE-- [fill = 0]
                  2000ce74    00000080     simplelink.a : cc_pal.obj (.text:NwpPowerOnPreamble)
                  2000cef4    00000080     ti.targets.arm.rtsarm.aem4 : LoggerBuf.oem4 (.text:xdc_runtime_LoggerBuf_setFilterLevel__E)
                  2000cf74    0000007c     simplelink.a : driver.obj (.text:_SlDrvDriverCBInit)
                  2000cff0    0000007c                  : netapp.obj (.text:_sl_HandleAsync_DnsGetHostByName)
                  2000d06c    0000007c                  : device.obj (.text:sl_DevGet)
                  2000d0e8    00000078                  : cc_pal.obj (.text:SetupDMAReceive)
                  2000d160    00000078     rtsv7M4_T_le_eabi.lib : memset_t2.obj (.text)
                  2000d1d8    00000076     driverlib.a : uart.obj (.text:UARTConfigSetExpClk)
                  2000d24e    00000002     --HOLE-- [fill = 0]
                  2000d250    00000074     simplelink.a : device.obj (.text:_sl_HandleAsync_InitComplete)
                  2000d2c4    00000074                  : cc_pal.obj (.text:spi_Close)
                  2000d338    00000070                  : netapp.obj (.text:_sl_HandleAsync_PingResponse)
                  2000d3a8    00000070                  : wlan.obj (.text:sl_WlanSmartConfigStart)
                  2000d418    00000070     sysbios.aem4 : BIOS.obj (.text:ti_sysbios_family_arm_m3_Hwi_postInit__I)
                  2000d488    00000070                  : BIOS.obj (.text:ti_sysbios_knl_Mailbox_Instance_finalize__E)
                  2000d4f8    00000070     ti.targets.arm.rtsarm.aem4 : Memory.oem4 (.text:xdc_runtime_Memory_alloc__E)
                  2000d568    0000006c                                : Error.oem4 (.text:xdc_runtime_Error_print__E)
                  2000d5d4    0000006c                                : LoggerBuf.oem4 (.text:xdc_runtime_LoggerBuf_getFilterLevel__E)
                  2000d640    00000068     simplelink.a : socket.obj (.text:_sl_HandleAsync_Connect)
                  2000d6a8    00000068                  : netapp.obj (.text:_sl_HandleAsync_DnsGetHostByService)
                  2000d710    00000066     ti.targets.arm.rtsarm.aem4 : Core-mem.oem4 (.text:xdc_runtime_Core_deleteObject__I)
                  2000d776    00000002     --HOLE-- [fill = 0]
                  2000d778    00000064     simplelink.a : socket.obj (.text:_sl_HandleAsync_Accept)
                  2000d7dc    00000064     app_pem4.oem4 (.text:ti_sysbios_family_arm_m3_Hwi_create)
                  2000d840    00000064     app_pem4.oem4 (.text:ti_sysbios_knl_Mailbox_create)
                  2000d8a4    00000064     driverlib.a : udma.obj (.text:uDMAChannelAttributeDisable)
                  2000d908    00000064                 : udma.obj (.text:uDMAChannelAttributeEnable)
                  2000d96c    00000060     rtsv7M4_T_le_eabi.lib : trgmsg.obj (.text)
                  2000d9cc    00000060     sysbios.aem4 : BIOS.obj (.text:ti_sysbios_family_arm_m3_TimestampProvider_get64__E)
                  2000da2c    00000060                  : BIOS.obj (.text:ti_sysbios_knl_Clock_logTick__E)
                  2000da8c    00000060     ti.targets.arm.rtsarm.aem4 : System.oem4 (.text:xdc_runtime_System_formatNum__I)
                  2000daec    0000005e     rtsv7M4_T_le_eabi.lib : copy_decompress_rle.obj (.text)
                  2000db4a    0000005c     simplelink.a : socket.obj (.text:sl_Bind)
                  2000dba6    00000002     --HOLE-- [fill = 0]
                  2000dba8    0000005c     sysbios.aem4 : BIOS.obj (.text:ti_sysbios_family_arm_m3_Timer_setPeriod__E)
                  2000dc04    0000005c     app_pem4.oem4 (.text:ti_sysbios_knl_Task_create)
                  2000dc60    0000005c     app_pem4.oem4 (.text:xdc_runtime_LoggerBuf_Object__create__S)
                  2000dcbc    0000005b     ti.targets.arm.rtsarm.aem4 : Text.oem4 (.text:xdc_runtime_Text_putLab__E)
                  2000dd17    00000001     --HOLE-- [fill = 0]
                  2000dd18    0000005a     rtsv7M4_T_le_eabi.lib : ltoa.obj (.text)
                  2000dd72    00000002     --HOLE-- [fill = 0]
                  2000dd74    00000058     driverlib.a : interrupt.obj (.text:IntPendClear)
                  2000ddcc    00000058                 : prcm.obj (.text:PRCMPeripheralReset)
                  2000de24    00000058     simplelink.a : driver.obj (.text:_SlDrvDriverCBDeinit)
                  2000de7c    00000058                  : socket.obj (.text:_sl_HandleAsync_Select)
                  2000ded4    00000058     sysbios.aem4 : BIOS.obj (.text:ti_sysbios_knl_Swi_restoreHwi__E)
                  2000df2c    00000058                  : BIOS.obj (.text:ti_sysbios_knl_Swi_schedule__I)
                  2000df84    00000054     simplelink.a : device.obj (.text:_sl_HandleAsync_Stop)
                  2000dfd8    00000054                  : netapp.obj (.text:sl_NetAppSendTokenValue)
                  2000e02c    00000054     sysbios.aem4 : BIOS.obj (.text:ti_sysbios_family_arm_m3_Timer_start__E)
                  2000e080    00000050     ti.targets.arm.rtsarm.aem4 : Startup.oem4 (.text:xdc_runtime_Startup_exec__E)
                  2000e0d0    00000050                                : Text.oem4 (.text:xdc_runtime_Text_visitRope2__I)
                  2000e120    0000004c     driverlib.a : spi.obj (.text:SPIIntEnable)
                  2000e16c    0000004c     rtsv7M4_T_le_eabi.lib : atoi.obj (.text)
                  2000e1b8    0000004c     simplelink.a : socket.obj (.text:sl_SetSockOpt)
                  2000e204    0000004c     sysbios.aem4 : m3_TaskSupport_asm.obj (.text:ti_sysbios_family_arm_m3_TaskSupport_buildTaskStack)
                  2000e250    0000004c                  : BIOS.obj (.text:ti_sysbios_knl_Swi_runLoop__I)
                  2000e29c    0000004c     driverlib.a : udma.obj (.text:uDMAChannelAssign)
                  2000e2e8    0000004a     simplelink.a : device.obj (.text:_sl_GetStartResponseConvert)
                  2000e332    00000002     --HOLE-- [fill = 0]
                  2000e334    00000048     driverlib.a : spi.obj (.text:SPIIntClear)
                  2000e37c    00000048     rtsv7M4_T_le_eabi.lib : fd_toi_t2.obj (.text)
                  2000e3c4    00000048     simplelink.a : wlan.obj (.text:sl_WlanSet)
                  2000e40c    00000048     sysbios.aem4 : BIOS.obj (.text:ti_sysbios_family_arm_m3_Hwi_excReserved__I)
                  2000e454    00000048                  : m3_Hwi_asm_switch.obj (.text:ti_sysbios_family_arm_m3_Hwi_initStacks__E)
                  2000e49c    00000048                  : BIOS.obj (.text:ti_sysbios_family_arm_m3_Timer_initDevice__I)
                  2000e4e4    00000048                  : BIOS.obj (.text:ti_sysbios_heaps_HeapMem_getStats__E)
                  2000e52c    00000048     ti.targets.arm.rtsarm.aem4 : Assert.oem4 (.text:xdc_runtime_Assert_raise__I)
                  2000e574    00000046                                : Core-params.oem4 (.text:xdc_runtime_Core_assignParams__I)
                  2000e5ba    00000002     --HOLE-- [fill = 0]
                  2000e5bc    00000044     driverlib.a : spi.obj (.text:SPIDmaMaskGet)
                  2000e600    00000044     boot.aem4 : boot.oem4 (.text)
                  2000e644    00000044     rtsv7M4_T_le_eabi.lib : cpy_tbl.obj (.text)
                  2000e688    00000044                           : exit.obj (.text)
                  2000e6cc    00000044                           : xdtest.obj (.text)
                  2000e710    00000044     simplelink.a : netcfg.obj (.text:sl_NetCfgSet)
                  2000e754    00000044                  : socket.obj (.text:sl_Recv)
                  2000e798    00000044     sysbios.aem4 : BIOS.obj (.text:ti_sysbios_family_arm_m3_Hwi_disableInterrupt__E)
                  2000e7dc    00000044                  : BIOS.obj (.text:ti_sysbios_family_arm_m3_Hwi_enableInterrupt__E)
                  2000e820    00000044                  : BIOS.obj (.text:ti_sysbios_knl_Task_allBlockedFunction__I)
                  2000e864    00000044     ti.targets.arm.rtsarm.aem4 : Error.oem4 (.text:xdc_runtime_Error_setX__E)
                  2000e8a8    00000044                                : LoggerBuf.oem4 (.text:xdc_runtime_LoggerBuf_filterOutEvent__I)
                  2000e8ec    00000044                                : SysMin.oem4 (.text:xdc_runtime_SysMin_flush__E)
                  2000e930    00000042     rtsv7M4_T_le_eabi.lib : u_divt2.obj (.text)
                  2000e972    00000002     --HOLE-- [fill = 0]
                  2000e974    00000040     driverlib.a : pin.obj (.text:PinModeSet)
                  2000e9b4    00000040     simplelink.a : driver.obj (.text:_SlDrvRxIrqHandler)
                  2000e9f4    00000040                  : driver.obj (.text:_SlRemoveFromList)
                  2000ea34    00000040                  : wlan.obj (.text:sl_WlanPolicySet)
                  2000ea74    00000040                  : wlan.obj (.text:sl_WlanRxFilterSet)
                  2000eab4    00000040     sysbios.aem4 : BIOS.obj (.text:ti_sysbios_family_arm_m3_Timer_Module_startup__E)
                  2000eaf4    00000040                  : BIOS.obj (.text:ti_sysbios_knl_Mailbox_postInit__I)
                  2000eb34    0000003e     app_pem4.oem4 (.text:realloc)
                  2000eb72    00000002     --HOLE-- [fill = 0]
                  2000eb74    0000003c     simplelink.a : cc_pal.obj (.text:NwpPowerOff)
                  2000ebb0    0000003c     driverlib.a : prcm.obj (.text:PRCMPeripheralClkEnable)
                  2000ebec    0000003c     simplelink.a : driver.obj (.text:_SlDrvObjInit)
                  2000ec28    0000003c     sysbios.aem4 : BIOS.obj (.text:ti_sysbios_family_arm_m3_Hwi_excSvCall__I)
                  2000ec64    0000003c                  : BIOS.obj (.text:ti_sysbios_heaps_HeapMem_init__I)
                  2000eca0    0000003c                  : BIOS.obj (.text:ti_sysbios_knl_Swi_startup__E)
                  2000ecdc    0000003c     driverlib.a : udma.obj (.text:uDMAChannelControlSet)
                  2000ed18    0000003c     ti.targets.arm.rtsarm.aem4 : Text.oem4 (.text:xdc_runtime_Text_xprintf__I)
                  2000ed54    0000003a                                : LoggerBuf.oem4 (.text:xdc_runtime_LoggerBuf_Instance_init__E)
                  2000ed8e    00000002     --HOLE-- [fill = 0]
                  2000ed90    00000038     sysbios.aem4 : BIOS.obj (.text:ti_sysbios_family_arm_m3_Hwi_excNoIsr__I)
                  2000edc8    00000038                  : BIOS.obj (.text:ti_sysbios_family_arm_m3_Hwi_getStackInfo__E)
                  2000ee00    00000038                  : BIOS.obj (.text:ti_sysbios_family_arm_m3_TaskSupport_start__E)
                  2000ee38    00000038                  : BIOS.obj (.text:ti_sysbios_knl_Task_processVitalTaskFlag__I)
                  2000ee70    00000038     ti.targets.arm.rtsarm.aem4 : SysMin.oem4 (.text:xdc_runtime_SysMin_putch__E)
                  2000eea8    00000038                                : System.oem4 (.text:xdc_runtime_System_atexit__E)
                  2000eee0    00000036     driverlib.a : gpio.obj (.text:GPIODirModeSet)
                  2000ef16    00000002     --HOLE-- [fill = 0]
                  2000ef18    00000034                 : prcm.obj (.text:PRCMPeripheralStatusGet)
                  2000ef4c    00000034                 : spi.obj (.text:SPIFIFOLevelSet)
                  2000ef80    00000034     simplelink.a : driver.obj (.text:_SlDrvBasicCmd)
                  2000efb4    00000034                  : socket.obj (.text:sl_Htons)
                  2000efe8    00000034     sysbios.aem4 : BIOS.obj (.text:ti_sysbios_family_arm_m3_Hwi_excNmi__I)
                  2000f01c    00000034                  : BIOS.obj (.text:ti_sysbios_family_arm_m3_Timer_periodicStub__I)
                  2000f050    00000034                  : BIOS.obj (.text:ti_sysbios_hal_Hwi_checkStack)
                  2000f084    00000034     app_pem4.oem4 (.text:ti_sysbios_knl_Semaphore_create)
                  2000f0b8    00000034     ti.targets.arm.rtsarm.aem4 : Core-label.oem4 (.text:xdc_runtime_Core_assignLabel__I)
                  2000f0ec    00000033                                : Text.oem4 (.text:xdc_runtime_Text_printVisFxn__I)
                  2000f11f    00000001     --HOLE-- [fill = 0]
                  2000f120    00000032     sysbios.aem4 : BIOS.obj (.text:ti_sysbios_knl_Semaphore_pendTimeout__I)
                  2000f152    00000002     --HOLE-- [fill = 0]
                  2000f154    00000030     simplelink.a : cc_pal.obj (.text:NwpPowerOn)
                  2000f184    00000030     driverlib.a : pin.obj (.text:PinTypeGPIO)
                  2000f1b4    00000030                 : uart.obj (.text:UARTDisable)
                  2000f1e4    00000030     simplelink.a : socket.obj (.text:sl_Socket)
                  2000f214    00000030     app_pem4.oem4 (.text:ti_sysbios_BIOS_atExitFunc__I)
                  2000f244    00000030     app_pem4.oem4 (.text:ti_sysbios_gates_GateHwi_Object__create__S)
                  2000f274    00000030     app_pem4.oem4 (.text:ti_sysbios_gates_GateMutex_Object__create__S)
                  2000f2a4    00000030     app_pem4.oem4 (.text:ti_sysbios_heaps_HeapMem_Object__create__S)
                  2000f2d4    00000030     app_pem4.oem4 (.text:ti_sysbios_knl_Semaphore_construct)
                  2000f304    00000030     ti.targets.arm.rtsarm.aem4 : SysMin.oem4 (.text:xdc_runtime_SysMin_abort__E)
                  2000f334    00000030                                : System.oem4 (.text:xdc_runtime_System_processAtExit__E)
                  2000f364    0000002e     app_pem4.oem4 (.text:malloc)
                  2000f392    0000002e     rtsv7M4_T_le_eabi.lib : i_tofd_t2.obj (.text)
                  2000f3c0    0000002c     simplelink.a : cc_pal.obj (.text:DmaSpiSwIntHandler)
                  2000f3ec    0000002c     driverlib.a : prcm.obj (.text:PRCMSysResetCauseGet)
                  2000f418    0000002c     simplelink.a : flowcont.obj (.text:_SlDrvFlowContDeinit)
                  2000f444    0000002c                  : flowcont.obj (.text:_SlDrvFlowContInit)
                  2000f470    0000002c                  : socket.obj (.text:sl_Listen)
                  2000f49c    0000002c     sysbios.aem4 : BIOS.obj (.text:ti_sysbios_family_arm_m3_Hwi_Instance_finalize__E)
                  2000f4c8    0000002c                  : BIOS.obj (.text:ti_sysbios_hal_Hwi_initStack)
                  2000f4f4    0000002c     app_pem4.oem4 (.text:ti_sysbios_knl_Clock_doTick__I)
                  2000f520    0000002c     app_pem4.oem4 (.text:ti_sysbios_knl_Queue_construct)
                  2000f54c    0000002c     sysbios.aem4 : BIOS.obj (.text:ti_sysbios_knl_Task_restore__E)
                  2000f578    0000002c     ti.targets.arm.rtsarm.aem4 : Text.oem4 (.text:xdc_runtime_Text_cordText__E)
                  2000f5a4    0000002a                                : System.oem4 (.text:xdc_runtime_System_putchar__I)
                  2000f5ce    00000002     --HOLE-- [fill = 0]
                  2000f5d0    00000028     driverlib.a : prcm.obj (.text:PRCMPeripheralClkDisable)
                  2000f5f8    00000028     simplelink.a : socket.obj (.text:_sl_BuildAddress)
                  2000f620    00000028                  : wlan.obj (.text:sl_WlanSetMode)
                  2000f648    00000028     ti.targets.arm.rtsarm.aem4 : LoggerBuf.oem4 (.text:xdc_runtime_LoggerBuf_Module_startup__E)
                  2000f670    00000026                                : System.oem4 (.text:xdc_runtime_System_avprintf__E)
                  2000f696    00000024     driverlib.a : uart.obj (.text:UARTEnable)
                  2000f6ba    00000024     rtsv7M4_T_le_eabi.lib : memmov.obj (.text)
                  2000f6de    00000002     --HOLE-- [fill = 0]
                  2000f6e0    00000024     simplelink.a : socket.obj (.text:sl_Close)
                  2000f704    00000024                  : wlan.obj (.text:sl_WlanProfileDel)
                  2000f728    00000024     app_pem4.oem4 (.text:ti_sysbios_BIOS_errorRaiseHook__I)
                  2000f74c    00000024     app_pem4.oem4 (.text:ti_sysbios_BIOS_registerRTSLock__I)
                  2000f770    00000024     app_pem4.oem4 (.text:ti_sysbios_BIOS_removeRTSLock__I)
                  2000f794    00000024     app_pem4.oem4 (.text:ti_sysbios_BIOS_startFunc__I)
                  2000f7b8    00000024     sysbios.aem4 : BIOS.obj (.text:ti_sysbios_family_arm_m3_Hwi_doTaskRestore__I)
                  2000f7dc    00000024                  : BIOS.obj (.text:ti_sysbios_family_arm_m3_Timer_startup__E)
                  2000f800    00000024     app_pem4.oem4 (.text:ti_sysbios_gates_GateMutex_Object__delete__S)
                  2000f824    00000024     sysbios.aem4 : BIOS.obj (.text:ti_sysbios_knl_Clock_Module_startup__E)
                  2000f848    00000024     app_pem4.oem4 (.text:ti_sysbios_knl_Semaphore_Object__delete__S)
                  2000f86c    00000024     sysbios.aem4 : BIOS.obj (.text:ti_sysbios_knl_Swi_Module_startup__E)
                  2000f890    00000024     ti.targets.arm.rtsarm.aem4 : System.oem4 (.text:xdc_runtime_System_vprintf__E)
                  2000f8b4    00000022     simplelink.a : cc_pal.obj (.text:NwpRegisterInterruptHandler)
                  2000f8d6    00000022     driverlib.a : spi.obj (.text:SPIReset)
                  2000f8f8    00000022                 : spi.obj (.text:SPIWordCountSet)
                  2000f91a    00000022     app_pem4.oem4 (.text:xdc_runtime_SysMin_output__I)
                  2000f93c    00000020     driverlib.a : gpio.obj (.text:GPIOPinWrite)
                  2000f95c    00000020     simplelink.a : driver.obj (.text:_SlDrvCmdSend)
                  2000f97c    00000020     app_pem4.oem4 (.text:ti_sysbios_family_arm_m3_Hwi_Object__delete__S)
                  2000f99c    00000020     sysbios.aem4 : m3_Hwi_asm.obj (.text:ti_sysbios_family_arm_m3_Hwi_excHandlerAsm__I)
                  2000f9bc    00000020                  : BIOS.obj (.text:ti_sysbios_family_arm_m3_Hwi_excHandler__I)
                  2000f9dc    00000020                  : BIOS.obj (.text:ti_sysbios_family_arm_m3_TimestampProvider_Module_startup__E)
                  2000f9fc    00000020     app_pem4.oem4 (.text:ti_sysbios_gates_GateHwi_Object__delete__S)
                  2000fa1c    00000020     app_pem4.oem4 (.text:ti_sysbios_heaps_HeapMem_Object__delete__S)
                  2000fa3c    00000020     sysbios.aem4 : BIOS.obj (.text:ti_sysbios_knl_Idle_run__E)
                  2000fa5c    00000020     app_pem4.oem4 (.text:ti_sysbios_knl_Mailbox_Object__delete__S)
                  2000fa7c    00000020     app_pem4.oem4 (.text:ti_sysbios_knl_Semaphore_Object__destruct__S)
                  2000fa9c    00000020     app_pem4.oem4 (.text:ti_sysbios_knl_Task_Object__delete__S)
                  2000fabc    00000020     sysbios.aem4 : BIOS.obj (.text:ti_sysbios_knl_Task_enter__I)
                  2000fadc    00000020     app_pem4.oem4 (.text:xdc_runtime_LoggerBuf_Object__delete__S)
                  2000fafc    00000020     ti.targets.arm.rtsarm.aem4 : LoggerBuf.oem4 (.text:xdc_runtime_LoggerBuf_reset__E)
                  2000fb1c    00000020                                : Registry.oem4 (.text:xdc_runtime_Registry_findById__E)
                  2000fb3c    00000020                                : SysMin.oem4 (.text:xdc_runtime_SysMin_Module_startup__E)
                  2000fb5c    0000001e     driverlib.a : uart.obj (.text:UARTCharPut)
                  2000fb7a    0000001e     sysbios.aem4 : m3_Hwi_asm_switch.obj (.text:ti_sysbios_family_xxx_Hwi_switchAndRunFunc)
                  2000fb98    0000001c     simplelink.a : driver.obj (.text:_SlDrvObjDeInit)
                  2000fbb4    0000001c     rtsv7M4_T_le_eabi.lib : memccpy.obj (.text)
                  2000fbd0    0000001c     app_pem4.oem4 (.text:ti_sysbios_BIOS_rtsLock__I)
                  2000fbec    0000001c     sysbios.aem4 : BIOS.obj (.text:ti_sysbios_family_arm_m3_Hwi_setPriority__E)
                  2000fc08    0000001c                  : BIOS.obj (.text:ti_sysbios_gates_GateMutex_Instance_init__E)
                  2000fc24    0000001c     app_pem4.oem4 (.text:ti_sysbios_knl_Queue_Object__destruct__S)
                  2000fc40    0000001c     driverlib.a : udma.obj (.text:uDMAChannelEnable)
                  2000fc5c    0000001c     ti.targets.arm.rtsarm.aem4 : Error.oem4 (.text:xdc_runtime_Error_raiseX__E)
                  2000fc78    0000001c                                : Memory.oem4 (.text:xdc_runtime_Memory_valloc__E)
                  2000fc94    0000001c                                : SysMin.oem4 (.text:xdc_runtime_SysMin_exit__E)
                  2000fcb0    0000001c                                : System.oem4 (.text:xdc_runtime_System_abort__E)
                  2000fccc    0000001a     simplelink.a : netapp.obj (.text:CopyPingResultsToReport)
                  2000fce6    0000001a     driverlib.a : gpio.obj (.text:GPIOIntEnable)
                  2000fd00    0000001a                 : pin.obj (.text:PinTypeUART)
                  2000fd1a    0000001a                 : spi.obj (.text:SPIDmaDisable)
                  2000fd34    0000001a                 : spi.obj (.text:SPIDmaEnable)
                  2000fd4e    0000001a                 : spi.obj (.text:SPIFIFODisable)
                  2000fd68    0000001a                 : spi.obj (.text:SPIFIFOEnable)
                  2000fd82    0000001a     simplelink.a : device.obj (.text:_SlDrvDeviceEventHandler)
                  2000fd9c    0000001a     app_pem4.oem4 (.text:ti_sysbios_family_arm_m3_Hwi_Handle__label__S)
                  2000fdb6    0000001a     sysbios.aem4 : m3_Hwi_asm.obj (.text:ti_sysbios_family_arm_m3_Hwi_pendSV__I)
                  2000fdd0    0000001a     app_pem4.oem4 (.text:ti_sysbios_gates_GateHwi_Handle__label__S)
                  2000fdea    0000001a     app_pem4.oem4 (.text:ti_sysbios_gates_GateMutex_Handle__label__S)
                  2000fe04    0000001a     app_pem4.oem4 (.text:ti_sysbios_heaps_HeapMem_Handle__label__S)
                  2000fe1e    0000001a     app_pem4.oem4 (.text:ti_sysbios_knl_Swi_Handle__label__S)
                  2000fe38    0000001a     app_pem4.oem4 (.text:ti_sysbios_knl_Task_Handle__label__S)
                  2000fe52    0000001a     sysbios.aem4 : BIOS.obj (.text:ti_sysbios_knl_Task_sleepTimeout__I)
                  2000fe6c    0000001a     app_pem4.oem4 (.text:xdc_runtime_LoggerBuf_Handle__label__S)
                  2000fe86    0000001a     app_pem4.oem4 (.text:xdc_runtime_System_aprintf__E)
                  2000fea0    0000001a     app_pem4.oem4 (.text:xdc_runtime_System_printf__E)
                  2000feba    00000018     driverlib.a : gpio.obj (.text:GPIOPinRead)
                  2000fed2    00000018                 : spi.obj (.text:SPICSDisable)
                  2000feea    00000018                 : spi.obj (.text:SPICSEnable)
                  2000ff02    00000018                 : spi.obj (.text:SPIDisable)
                  2000ff1a    00000018                 : spi.obj (.text:SPIEnable)
                  2000ff32    00000018     app_pem4.oem4 (.text:free)
                  2000ff4a    00000002     --HOLE-- [fill = 0]
                  2000ff4c    00000018     rtsv7M4_T_le_eabi.lib : args_main.obj (.text)
                  2000ff64    00000018                           : ll_mul_t2.obj (.text)
                  2000ff7c    00000018     app_pem4.oem4 (.text:ti_sysbios_BIOS_rtsUnlock__I)
                  2000ff94    00000018     app_pem4.oem4 (.text:ti_sysbios_family_arm_m3_Hwi_Module__startupDone__F)
                  2000ffac    00000018     app_pem4.oem4 (.text:ti_sysbios_family_arm_m3_Timer_Module__startupDone__F)
                  2000ffc4    00000018     sysbios.aem4 : BIOS.obj (.text:ti_sysbios_gates_GateMutex_leave__E)
                  2000ffdc    00000018     ti.targets.arm.rtsarm.aem4 : Error.oem4 (.text:xdc_runtime_Error_check__E)
                  2000fff4    00000018                                : System.oem4 (.text:xdc_runtime_System_exit__E)
                  2001000c    00000018                                : Text.oem4 (.text:xdc_runtime_Text_ropeText__E)
                  20010024    00000016     driverlib.a : prcm.obj (.text:PRCMHIBRegRead)
                  2001003a    00000016                 : prcm.obj (.text:PRCMHIBRegWrite)
                  20010050    00000016                 : uart.obj (.text:UARTCharGet)
                  20010066    00000016     app_pem4.oem4 (.text:ti_sysbios_BIOS_exitFunc__I)
                  2001007c    00000014     driverlib.a : cpu.obj (.text:CPUcpsie)
                  20010090    00000014                 : gpio.obj (.text:GPIOIntClear)
                  200100a4    00000014     simplelink.a : driver.obj (.text:_SlDrvShiftDWord)
                  200100b8    00000014     rtsv7M4_T_le_eabi.lib : _lock.obj (.text)
                  200100cc    00000014                           : strlen.obj (.text)
                  200100e0    00000014     app_pem4.oem4 (.text:ti_sysbios_family_arm_m3_Hwi_Object__get__S)
                  200100f4    00000014     sysbios.aem4 : BIOS.obj (.text:ti_sysbios_family_arm_m3_Hwi_switchFromBootStack__E)
                  20010108    00000014     app_pem4.oem4 (.text:ti_sysbios_heaps_HeapMem_Object__get__S)
                  2001011c    00000014     app_pem4.oem4 (.text:ti_sysbios_knl_Swi_Object__get__S)
                  20010130    00000014     app_pem4.oem4 (.text:xdc_runtime_LoggerBuf_Object__get__S)
                  20010144    00000012     rtsv7M4_T_le_eabi.lib : copy_zero_init.obj (.text:decompress:ZI)
                  20010156    00000012     simplelink.a : netapp.obj (.text:sl_NetAppMDNSUnRegisterService)
                  20010168    00000012     sysbios.aem4 : BIOS.obj (.text:ti_sysbios_hal_Hwi_Module_startup__E)
                  2001017a    00000012                  : BIOS.obj (.text:ti_sysbios_hal_Timer_Module_startup__E)
                  2001018c    00000012     ti.targets.arm.rtsarm.aem4 : LoggerBuf.oem4 (.text:xdc_runtime_LoggerBuf_Instance_finalize__E)
                  2001019e    00000012                                : LoggerBuf.oem4 (.text:xdc_runtime_LoggerBuf_write1__E)
                  200101b0    00000012                                : LoggerBuf.oem4 (.text:xdc_runtime_LoggerBuf_write2__E)
                  200101c2    00000012     app_pem4.oem4 (.text:xdc_runtime_Startup_exec__I)
                  200101d4    00000010     simplelink.a : cc_pal.obj (.text:NwpMaskInterrupt)
                  200101e4    00000010     rtsv7M4_T_le_eabi.lib : strcpy.obj (.text)
                  200101f4    00000010     sysbios.aem4 : BIOS.obj (.text:ti_sysbios_BIOS_setThreadType__E)
                  20010204    00000010                  : BIOS.obj (.text:ti_sysbios_BIOS_start__E)
                  20010214    00000010                  : BIOS.obj (.text:ti_sysbios_family_arm_m3_Hwi_getHandle__E)
                  20010224    00000010                  : m3_TaskSupport_asm.obj (.text:ti_sysbios_family_arm_m3_TaskSupport_glue)
                  20010234    00000010                  : m3_TaskSupport_asm.obj (.text:ti_sysbios_family_arm_m3_TaskSupport_swap__E)
                  20010244    00000010                  : BIOS.obj (.text:ti_sysbios_gates_GateMutex_Instance_finalize__E)
                  20010254    00000010     app_pem4.oem4 (.text:ti_sysbios_knl_Mailbox_Object__get__S)
                  20010264    00000010     sysbios.aem4 : BIOS.obj (.text:ti_sysbios_knl_Semaphore_Instance_finalize__E)
                  20010274    00000010                  : BIOS.obj (.text:ti_sysbios_knl_Swi_disable__E)
                  20010284    00000010     app_pem4.oem4 (.text:ti_sysbios_knl_Task_Object__get__S)
                  20010294    00000010     sysbios.aem4 : BIOS.obj (.text:ti_sysbios_knl_Task_disable__E)
                  200102a4    00000010     ti.targets.arm.rtsarm.aem4 : Gate.oem4 (.text:xdc_runtime_Gate_leaveSystem__E)
                  200102b4    00000010                                : LoggerBuf.oem4 (.text:xdc_runtime_LoggerBuf_write0__E)
                  200102c4    00000010                                : Memory.oem4 (.text:xdc_runtime_Memory_free__E)
                  200102d4    00000010                                : SysMin.oem4 (.text:xdc_runtime_SysMin_ready__E)
                  200102e4    00000010                                : System.oem4 (.text:xdc_runtime_System_vsnprintf__E)
                  200102f4    00000010     app_pem4.oem4 (.text:xdc_runtime_Text_visitRope__I)
                  20010304    0000000e     rtsv7M4_T_le_eabi.lib : copy_decompress_none.obj (.text:decompress:none)
                  20010312    0000000e                           : xdclass.obj (.text)
                  20010320    0000000e     sysbios.aem4 : BIOS.obj (.text:ti_sysbios_knl_Queue_empty__E)
                  2001032e    00000002     --HOLE-- [fill = 0]
                  20010330    0000000c     simplelink.a : cc_pal.obj (.text:NwpUnMaskInterrupt)
                  2001033c    0000000c     app_pem4.oem4 (.text:ti_sysbios_family_arm_m3_Hwi_Params__init__S)
                  20010348    0000000c     sysbios.aem4 : BIOS.obj (.text:ti_sysbios_family_arm_m3_Hwi_disableFxn__E)
                  20010354    0000000c                  : BIOS.obj (.text:ti_sysbios_family_arm_m3_TaskSupport_checkStack__E)
                  20010360    0000000c                  : BIOS.obj (.text:ti_sysbios_family_arm_m3_TaskSupport_getStackAlignment__E)
                  2001036c    0000000c                  : BIOS.obj (.text:ti_sysbios_gates_GateHwi_enter__E)
                  20010378    0000000c     app_pem4.oem4 (.text:ti_sysbios_knl_Queue_Object__get__S)
                  20010384    0000000c     app_pem4.oem4 (.text:ti_sysbios_knl_Semaphore_Params__init__S)
                  20010390    0000000c     app_pem4.oem4 (.text:ti_sysbios_knl_Task_Params__init__S)
                  2001039c    0000000c     ti.targets.arm.rtsarm.aem4 : Error.oem4 (.text:xdc_runtime_Error_init__E)
                  200103a8    0000000c                                : Gate.oem4 (.text:xdc_runtime_Gate_enterSystem__E)
                  200103b4    0000000c                                : Memory.oem4 (.text:xdc_runtime_Memory_calloc__E)
                  200103c0    0000000c                                : Memory.oem4 (.text:xdc_runtime_Memory_getMaxDefaultTypeAlign__E)
                  200103cc    0000000a     driverlib.a : interrupt.obj (.text:IntMasterEnable)
                  200103d6    0000000a     app_pem4.oem4 (.text:xdc_runtime_IHeap_alloc)
                  200103e0    0000000a     app_pem4.oem4 (.text:xdc_runtime_IHeap_free)
                  200103ea    0000000a     ti.targets.arm.rtsarm.aem4 : LoggerBuf.oem4 (.text:xdc_runtime_LoggerBuf_disable__E)
                  200103f4    0000000a                                : LoggerBuf.oem4 (.text:xdc_runtime_LoggerBuf_enable__E)
                  200103fe    00000008     simplelink.a : wlan.obj (.text:sl_WlanDisconnect)
                  20010406    00000008     sysbios.aem4 : BIOS.obj (.text:ti_sysbios_family_arm_m3_Hwi_doSwiRestore__I)
                  2001040e    00000008                  : BIOS.obj (.text:ti_sysbios_family_arm_m3_Hwi_startup__E)
                  20010416    00000008                  : BIOS.obj (.text:ti_sysbios_knl_Idle_loop__E)
                  2001041e    00000006     driverlib.a : utils.obj (.text:UtilsDelay)
                  20010424    00000006     ti.targets.arm.rtsarm.aem4 : xdc_noinit.oem4 (.text:__xdc__init)
                  2001042a    00000006     rtsv7M4_T_le_eabi.lib : copy_decompress_rle.obj (.text:decompress:rle24)
                  20010430    00000006     sysbios.aem4 : BIOS.obj (.text:ti_sysbios_family_arm_m3_Hwi_restoreFxn__E)
                  20010436    00000006                  : BIOS.obj (.text:ti_sysbios_gates_GateHwi_leave__E)
                  2001043c    00000006                  : BIOS.obj (.text:ti_sysbios_heaps_HeapMem_isBlocking__E)
                  20010442    00000006                  : BIOS.obj (.text:ti_sysbios_knl_Queue_Instance_init__E)
                  20010448    00000006     ti.targets.arm.rtsarm.aem4 : System.oem4 (.text:xdc_runtime_System_Module_startup__E)
                  2001044e    00000004                                : LoggerBuf.oem4 (.text:LoggerBuf_instanceStartup)
                  20010452    00000004     app_pem4.oem4 (.text:ti_sysbios_BIOS_RtsGateProxy_enter__E)
                  20010456    00000004     app_pem4.oem4 (.text:ti_sysbios_BIOS_RtsGateProxy_leave__E)
                  2001045a    00000004     app_pem4.oem4 (.text:ti_sysbios_family_arm_m3_Hwi_delete)
                  2001045e    00000004     app_pem4.oem4 (.text:ti_sysbios_family_arm_m3_TaskSupport_Module__startupDone__S)
                  20010462    00000004     sysbios.aem4 : BIOS.obj (.text:ti_sysbios_family_arm_m3_Timer_getMaxTicks__E)
                  20010466    00000004                  : BIOS.obj (.text:ti_sysbios_gates_GateHwi_query__E)
                  2001046a    00000004                  : BIOS.obj (.text:ti_sysbios_gates_GateMutex_query__E)
                  2001046e    00000004     app_pem4.oem4 (.text:ti_sysbios_hal_Hwi_HwiProxy_Module__startupDone__S)
                  20010472    00000004     app_pem4.oem4 (.text:ti_sysbios_hal_Timer_TimerProxy_Module__startupDone__S)
                  20010476    00000004     app_pem4.oem4 (.text:ti_sysbios_heaps_HeapMem_Module_GateProxy_enter__E)
                  2001047a    00000004     app_pem4.oem4 (.text:ti_sysbios_heaps_HeapMem_Module_GateProxy_leave__E)
                  2001047e    00000004     app_pem4.oem4 (.text:ti_sysbios_knl_Clock_TimerProxy_Module__startupDone__S)
                  20010482    00000004     app_pem4.oem4 (.text:ti_sysbios_knl_Clock_TimerProxy_getMaxTicks__E)
                  20010486    00000004     app_pem4.oem4 (.text:ti_sysbios_knl_Mailbox_delete)
                  2001048a    00000004     app_pem4.oem4 (.text:ti_sysbios_knl_Queue_destruct)
                  2001048e    00000004     app_pem4.oem4 (.text:ti_sysbios_knl_Semaphore_delete)
                  20010492    00000004     app_pem4.oem4 (.text:ti_sysbios_knl_Semaphore_destruct)
                  20010496    00000004     app_pem4.oem4 (.text:ti_sysbios_knl_Task_SupportProxy_Module__startupDone__S)
                  2001049a    00000004     app_pem4.oem4 (.text:ti_sysbios_knl_Task_delete)
                  2001049e    00000004     sysbios.aem4 : BIOS.obj (.text:ti_sysbios_knl_Task_startup__E)
                  200104a2    00000004     ti.targets.arm.rtsarm.aem4 : Error.oem4 (.text:xdc_runtime_Error_getSite__E)
                  200104a6    00000004     app_pem4.oem4 (.text:xdc_runtime_LoggerBuf_Module_GateProxy_enter__E)
                  200104aa    00000004     app_pem4.oem4 (.text:xdc_runtime_LoggerBuf_Module_GateProxy_leave__E)
                  200104ae    00000004     app_pem4.oem4 (.text:xdc_runtime_Memory_HeapProxy_alloc__E)
                  200104b2    00000004     app_pem4.oem4 (.text:xdc_runtime_Memory_HeapProxy_free__E)
                  200104b6    00000004     app_pem4.oem4 (.text:xdc_runtime_System_Module_GateProxy_enter__E)
                  200104ba    00000004     app_pem4.oem4 (.text:xdc_runtime_System_Module_GateProxy_leave__E)
                  200104be    00000004     ti.targets.arm.rtsarm.aem4 : System.oem4 (.text:xdc_runtime_System_aprintf_va__F)
                  200104c2    00000004                                : System.oem4 (.text:xdc_runtime_System_printf_va__F)

.const     0    200104c8    00002474     
                  200104c8    0000178e     app_pem4.oem4 (.const:xdc_runtime_Text_charTab__A)
                  20011c56    00000102     rtsv7M4_T_le_eabi.lib : ctype.obj (.const:.string:_ctypes_)
                  20011d58    00000100     driverlib.a : pin.obj (.const:g_ulPinToPadMap)
                  20011e58    000000ec     simplelink.a : wlan.obj (.const)
                  20011f44    000000b8     app_pem4.oem4 (.const:xdc_runtime_Text_nodeTab__A)
                  20011ffc    000000a8     driverlib.a : prcm.obj (.const:PRCM_PeriphRegsList)
                  200120a4    00000080                 : interrupt.obj (.const)
                  20012124    0000004c     simplelink.a : driver.obj (.const)
                  20012170    00000048     app_pem4.oem4 (.const:.string)
                  200121b8    0000003c     app_pem4.oem4 (.const:ti_sysbios_knl_Task_Object__PARAMS__C)
                  200121f4    0000003c     app_pem4.oem4 (.const:xdc_runtime_LoggerBuf_Module__FXNS__C)
                  20012230    00000034     simplelink.a : socket.obj (.const)
                  20012264    00000034     app_pem4.oem4 (.const:ti_sysbios_knl_Mailbox_Object__PARAMS__C)
                  20012298    00000030     app_pem4.oem4 (.const:ti_sysbios_family_arm_m3_Hwi_Object__PARAMS__C)
                  200122c8    00000030     app_pem4.oem4 (.const:xdc_runtime_Startup_sfxnTab__A)
                  200122f8    0000002c     main.obj (.const:$P$T1$2)
                  20012324    00000028     main.obj (.const:.string)
                  2001234c    00000028     simplelink.a : netapp.obj (.const)
                  20012374    00000028     app_pem4.oem4 (.const:ti_sysbios_heaps_HeapMem_Module__FXNS__C)
                  2001239c    00000024     app_pem4.oem4 (.const:ti_sysbios_gates_GateHwi_Module__FXNS__C)
                  200123c0    00000024     app_pem4.oem4 (.const:ti_sysbios_gates_GateMutex_Module__FXNS__C)
                  200123e4    00000024     app_pem4.oem4 (.const:ti_sysbios_heaps_HeapMem_Object__PARAMS__C)
                  20012408    00000024     app_pem4.oem4 (.const:ti_sysbios_knl_Semaphore_Object__PARAMS__C)
                  2001242c    00000024     app_pem4.oem4 (.const:xdc_runtime_LoggerBuf_Object__PARAMS__C)
                  20012450    00000022     main.obj (.const:.string:$P$T0$1)
                  20012472    00000002     app_pem4.oem4 (.const:ti_sysbios_family_arm_m3_Hwi_Module__id__C)
                  20012474    00000020     app_pem4.oem4 (.const:ti_sysbios_family_arm_m3_Hwi_Object__DESC__C)
                  20012494    00000020     app_pem4.oem4 (.const:ti_sysbios_gates_GateHwi_Object__DESC__C)
                  200124b4    00000020     app_pem4.oem4 (.const:ti_sysbios_gates_GateMutex_Object__DESC__C)
                  200124d4    00000020     app_pem4.oem4 (.const:ti_sysbios_heaps_HeapMem_Object__DESC__C)
                  200124f4    00000020     app_pem4.oem4 (.const:ti_sysbios_knl_Mailbox_Object__DESC__C)
                  20012514    00000020     app_pem4.oem4 (.const:ti_sysbios_knl_Queue_Object__DESC__C)
                  20012534    00000020     app_pem4.oem4 (.const:ti_sysbios_knl_Semaphore_Object__DESC__C)
                  20012554    00000020     app_pem4.oem4 (.const:ti_sysbios_knl_Task_Object__DESC__C)
                  20012574    00000020     app_pem4.oem4 (.const:xdc_runtime_LoggerBuf_Object__DESC__C)
                  20012594    0000001b     bridge_tcp2uart.obj (.const:.string)
                  200125af    00000001     app_pem4.oem4 (.const:xdc_runtime_Error_policy__C)
                  200125b0    00000018     driverlib.a : spi.obj (.const)
                  200125c8    00000018     app_pem4.oem4 (.const:ti_sysbios_gates_GateHwi_Object__PARAMS__C)
                  200125e0    00000018     app_pem4.oem4 (.const:ti_sysbios_gates_GateMutex_Object__PARAMS__C)
                  200125f8    00000018     app_pem4.oem4 (.const:ti_sysbios_knl_Queue_Object__PARAMS__C)
                  20012610    00000018     app_pem4.oem4 (.const:xdc_runtime_Startup_sfxnRts__A)
                  20012628    00000014     main.obj (.const)
                  2001263c    00000014     simplelink.a : device.obj (.const)
                  20012650    00000011     ti.targets.arm.rtsarm.aem4 : System.oem4 (.const:.string)
                  20012661    00000001     --HOLE-- [fill = 0]
                  20012662    00000002     app_pem4.oem4 (.const:ti_sysbios_family_arm_m3_Hwi_Module__loggerDefined__C)
                  20012664    0000000c     app_pem4.oem4 (.const:xdc_runtime_Startup_firstFxns__A)
                  20012670    00000008     simplelink.a : netcfg.obj (.const)
                  20012678    00000008     app_pem4.oem4 (.const:ti_sysbios_family_arm_m3_Hwi_excHookFuncs__A)
                  20012680    00000008     app_pem4.oem4 (.const:ti_sysbios_knl_Idle_funcList__C)
                  20012688    00000008     app_pem4.oem4 (.const:xdc_runtime_Startup_firstFxns__C)
                  20012690    00000008     app_pem4.oem4 (.const:xdc_runtime_Startup_lastFxns__C)
                  20012698    00000004     app_pem4.oem4 (.const:ti_sysbios_family_arm_m3_Hwi_E_NMI__C)
                  2001269c    00000004     app_pem4.oem4 (.const:ti_sysbios_family_arm_m3_Hwi_E_alreadyDefined__C)
                  200126a0    00000004     app_pem4.oem4 (.const:ti_sysbios_family_arm_m3_Hwi_E_busFault__C)
                  200126a4    00000004     app_pem4.oem4 (.const:ti_sysbios_family_arm_m3_Hwi_E_debugMon__C)
                  200126a8    00000004     app_pem4.oem4 (.const:ti_sysbios_family_arm_m3_Hwi_E_hardFault__C)
                  200126ac    00000004     app_pem4.oem4 (.const:ti_sysbios_family_arm_m3_Hwi_E_memFault__C)
                  200126b0    00000004     app_pem4.oem4 (.const:ti_sysbios_family_arm_m3_Hwi_E_noIsr__C)
                  200126b4    00000004     app_pem4.oem4 (.const:ti_sysbios_family_arm_m3_Hwi_E_reserved__C)
                  200126b8    00000004     app_pem4.oem4 (.const:ti_sysbios_family_arm_m3_Hwi_E_svCall__C)
                  200126bc    00000004     app_pem4.oem4 (.const:ti_sysbios_family_arm_m3_Hwi_E_usageFault__C)
                  200126c0    00000004     app_pem4.oem4 (.const:ti_sysbios_family_arm_m3_Hwi_LD_end__C)
                  200126c4    00000004     app_pem4.oem4 (.const:ti_sysbios_family_arm_m3_Hwi_LM_begin__C)
                  200126c8    00000004     app_pem4.oem4 (.const:ti_sysbios_family_arm_m3_Hwi_Module__diagsEnabled__C)
                  200126cc    00000004     app_pem4.oem4 (.const:ti_sysbios_family_arm_m3_Hwi_Module__diagsIncluded__C)
                  200126d0    00000004     app_pem4.oem4 (.const:ti_sysbios_family_arm_m3_Hwi_Module__diagsMask__C)
                  200126d4    00000004     app_pem4.oem4 (.const:ti_sysbios_family_arm_m3_Hwi_Module__loggerFxn1__C)
                  200126d8    00000004     app_pem4.oem4 (.const:ti_sysbios_family_arm_m3_Hwi_Module__loggerFxn8__C)
                  200126dc    00000004     app_pem4.oem4 (.const:ti_sysbios_family_arm_m3_Hwi_Module__loggerObj__C)
                  200126e0    00000004     app_pem4.oem4 (.const:ti_sysbios_family_arm_m3_Hwi_NUM_INTERRUPTS__C)
                  200126e4    00000004     app_pem4.oem4 (.const:ti_sysbios_family_arm_m3_Hwi_Object__count__C)
                  200126e8    00000004     app_pem4.oem4 (.const:ti_sysbios_family_arm_m3_Hwi_ccr__C)
                  200126ec    00000004     app_pem4.oem4 (.const:ti_sysbios_family_arm_m3_Hwi_excHandlerFunc__C)
                  200126f0    00000004     app_pem4.oem4 (.const:ti_sysbios_family_arm_m3_Hwi_excHookFuncs__C)
                  200126f4    00000004     app_pem4.oem4 (.const:ti_sysbios_family_arm_m3_Hwi_nullIsrFunc__C)
                  200126f8    00000004     app_pem4.oem4 (.const:ti_sysbios_family_arm_m3_Hwi_priGroup__C)
                  200126fc    00000004     app_pem4.oem4 (.const:ti_sysbios_family_arm_m3_TaskSupport_stackAlignment__C)
                  20012700    00000004     app_pem4.oem4 (.const:ti_sysbios_family_arm_m3_Timer_E_cannotSupport__C)
                  20012704    00000004     app_pem4.oem4 (.const:ti_sysbios_family_arm_m3_Timer_startupNeeded__C)
                  20012708    00000004     app_pem4.oem4 (.const:ti_sysbios_gates_GateMutex_A_badContext__C)
                  2001270c    00000004     app_pem4.oem4 (.const:ti_sysbios_gates_GateMutex_Instance_State_sem__O)
                  20012710    00000004     app_pem4.oem4 (.const:ti_sysbios_gates_GateMutex_Module__diagsEnabled__C)
                  20012714    00000004     app_pem4.oem4 (.const:ti_sysbios_gates_GateMutex_Module__diagsIncluded__C)
                  20012718    00000004     app_pem4.oem4 (.const:ti_sysbios_gates_GateMutex_Module__diagsMask__C)
                  2001271c    00000004     app_pem4.oem4 (.const:ti_sysbios_hal_Hwi_E_stackOverflow__C)
                  20012720    00000004     app_pem4.oem4 (.const:ti_sysbios_heaps_HeapMem_A_align__C)
                  20012724    00000004     app_pem4.oem4 (.const:ti_sysbios_heaps_HeapMem_A_heapSize__C)
                  20012728    00000004     app_pem4.oem4 (.const:ti_sysbios_heaps_HeapMem_A_invalidFree__C)
                  2001272c    00000004     app_pem4.oem4 (.const:ti_sysbios_heaps_HeapMem_A_zeroBlock__C)
                  20012730    00000004     app_pem4.oem4 (.const:ti_sysbios_heaps_HeapMem_E_memory__C)
                  20012734    00000004     app_pem4.oem4 (.const:ti_sysbios_heaps_HeapMem_Module__diagsEnabled__C)
                  20012738    00000004     app_pem4.oem4 (.const:ti_sysbios_heaps_HeapMem_Module__diagsIncluded__C)
                  2001273c    00000004     app_pem4.oem4 (.const:ti_sysbios_heaps_HeapMem_Module__diagsMask__C)
                  20012740    00000004     app_pem4.oem4 (.const:ti_sysbios_heaps_HeapMem_Module__gateObj__C)
                  20012744    00000004     app_pem4.oem4 (.const:ti_sysbios_heaps_HeapMem_Object__count__C)
                  20012748    00000004     app_pem4.oem4 (.const:ti_sysbios_heaps_HeapMem_reqAlign__C)
                  2001274c    00000004     app_pem4.oem4 (.const:ti_sysbios_knl_Clock_LM_begin__C)
                  20012750    00000004     app_pem4.oem4 (.const:ti_sysbios_knl_Clock_LM_tick__C)
                  20012754    00000004     app_pem4.oem4 (.const:ti_sysbios_knl_Clock_LW_delayed__C)
                  20012758    00000004     app_pem4.oem4 (.const:ti_sysbios_knl_Clock_Module_State_clockQ__O)
                  2001275c    00000004     app_pem4.oem4 (.const:ti_sysbios_knl_Clock_Module__diagsEnabled__C)
                  20012760    00000004     app_pem4.oem4 (.const:ti_sysbios_knl_Clock_Module__diagsIncluded__C)
                  20012764    00000004     app_pem4.oem4 (.const:ti_sysbios_knl_Clock_Module__diagsMask__C)
                  20012768    00000004     app_pem4.oem4 (.const:ti_sysbios_knl_Clock_Module__loggerFxn1__C)
                  2001276c    00000004     app_pem4.oem4 (.const:ti_sysbios_knl_Clock_Module__loggerFxn2__C)
                  20012770    00000004     app_pem4.oem4 (.const:ti_sysbios_knl_Clock_Module__loggerObj__C)
                  20012774    00000004     app_pem4.oem4 (.const:ti_sysbios_knl_Clock_tickPeriod__C)
                  20012778    00000004     app_pem4.oem4 (.const:ti_sysbios_knl_Idle_funcList__A)
                  2001277c    00000004     app_pem4.oem4 (.const:ti_sysbios_knl_Mailbox_A_invalidBufSize__C)
                  20012780    00000004     app_pem4.oem4 (.const:ti_sysbios_knl_Mailbox_Instance_State_dataQue__O)
                  20012784    00000004     app_pem4.oem4 (.const:ti_sysbios_knl_Mailbox_Instance_State_dataSem__O)
                  20012788    00000004     app_pem4.oem4 (.const:ti_sysbios_knl_Mailbox_Instance_State_freeQue__O)
                  2001278c    00000004     app_pem4.oem4 (.const:ti_sysbios_knl_Mailbox_Instance_State_freeSem__O)
                  20012790    00000004     app_pem4.oem4 (.const:ti_sysbios_knl_Mailbox_Module__diagsEnabled__C)
                  20012794    00000004     app_pem4.oem4 (.const:ti_sysbios_knl_Mailbox_Module__diagsIncluded__C)
                  20012798    00000004     app_pem4.oem4 (.const:ti_sysbios_knl_Mailbox_Module__diagsMask__C)
                  2001279c    00000004     app_pem4.oem4 (.const:ti_sysbios_knl_Mailbox_Object__count__C)
                  200127a0    00000004     app_pem4.oem4 (.const:ti_sysbios_knl_Mailbox_maxTypeAlign__C)
                  200127a4    00000004     app_pem4.oem4 (.const:ti_sysbios_knl_Semaphore_A_badContext__C)
                  200127a8    00000004     app_pem4.oem4 (.const:ti_sysbios_knl_Semaphore_A_noEvents__C)
                  200127ac    00000004     app_pem4.oem4 (.const:ti_sysbios_knl_Semaphore_A_overflow__C)
                  200127b0    00000004     app_pem4.oem4 (.const:ti_sysbios_knl_Semaphore_A_pendTaskDisabled__C)
                  200127b4    00000004     app_pem4.oem4 (.const:ti_sysbios_knl_Semaphore_Instance_State_pendQ__O)
                  200127b8    00000004     app_pem4.oem4 (.const:ti_sysbios_knl_Semaphore_LM_pend__C)
                  200127bc    00000004     app_pem4.oem4 (.const:ti_sysbios_knl_Semaphore_LM_post__C)
                  200127c0    00000004     app_pem4.oem4 (.const:ti_sysbios_knl_Semaphore_Module__diagsEnabled__C)
                  200127c4    00000004     app_pem4.oem4 (.const:ti_sysbios_knl_Semaphore_Module__diagsIncluded__C)
                  200127c8    00000004     app_pem4.oem4 (.const:ti_sysbios_knl_Semaphore_Module__diagsMask__C)
                  200127cc    00000004     app_pem4.oem4 (.const:ti_sysbios_knl_Semaphore_Module__loggerFxn2__C)
                  200127d0    00000004     app_pem4.oem4 (.const:ti_sysbios_knl_Semaphore_Module__loggerFxn4__C)
                  200127d4    00000004     app_pem4.oem4 (.const:ti_sysbios_knl_Semaphore_Module__loggerObj__C)
                  200127d8    00000004     app_pem4.oem4 (.const:ti_sysbios_knl_Swi_LD_end__C)
                  200127dc    00000004     app_pem4.oem4 (.const:ti_sysbios_knl_Swi_LM_begin__C)
                  200127e0    00000004     app_pem4.oem4 (.const:ti_sysbios_knl_Swi_LM_post__C)
                  200127e4    00000004     app_pem4.oem4 (.const:ti_sysbios_knl_Swi_Module__diagsEnabled__C)
                  200127e8    00000004     app_pem4.oem4 (.const:ti_sysbios_knl_Swi_Module__diagsIncluded__C)
                  200127ec    00000004     app_pem4.oem4 (.const:ti_sysbios_knl_Swi_Module__diagsMask__C)
                  200127f0    00000004     app_pem4.oem4 (.const:ti_sysbios_knl_Swi_Module__loggerFxn1__C)
                  200127f4    00000004     app_pem4.oem4 (.const:ti_sysbios_knl_Swi_Module__loggerFxn4__C)
                  200127f8    00000004     app_pem4.oem4 (.const:ti_sysbios_knl_Swi_Module__loggerObj__C)
                  200127fc    00000004     app_pem4.oem4 (.const:ti_sysbios_knl_Swi_Object__count__C)
                  20012800    00000004     app_pem4.oem4 (.const:ti_sysbios_knl_Task_A_badPriority__C)
                  20012804    00000004     app_pem4.oem4 (.const:ti_sysbios_knl_Task_A_badTaskState__C)
                  20012808    00000004     app_pem4.oem4 (.const:ti_sysbios_knl_Task_A_badThreadType__C)
                  2001280c    00000004     app_pem4.oem4 (.const:ti_sysbios_knl_Task_A_badTimeout__C)
                  20012810    00000004     app_pem4.oem4 (.const:ti_sysbios_knl_Task_A_noPendElem__C)
                  20012814    00000004     app_pem4.oem4 (.const:ti_sysbios_knl_Task_A_sleepTaskDisabled__C)
                  20012818    00000004     app_pem4.oem4 (.const:ti_sysbios_knl_Task_E_spOutOfBounds__C)
                  2001281c    00000004     app_pem4.oem4 (.const:ti_sysbios_knl_Task_E_stackOverflow__C)
                  20012820    00000004     app_pem4.oem4 (.const:ti_sysbios_knl_Task_LD_block__C)
                  20012824    00000004     app_pem4.oem4 (.const:ti_sysbios_knl_Task_LD_exit__C)
                  20012828    00000004     app_pem4.oem4 (.const:ti_sysbios_knl_Task_LD_ready__C)
                  2001282c    00000004     app_pem4.oem4 (.const:ti_sysbios_knl_Task_LM_sleep__C)
                  20012830    00000004     app_pem4.oem4 (.const:ti_sysbios_knl_Task_LM_switch__C)
                  20012834    00000004     app_pem4.oem4 (.const:ti_sysbios_knl_Task_Module_State_inactiveQ__O)
                  20012838    00000004     app_pem4.oem4 (.const:ti_sysbios_knl_Task_Module__diagsEnabled__C)
                  2001283c    00000004     app_pem4.oem4 (.const:ti_sysbios_knl_Task_Module__diagsIncluded__C)
                  20012840    00000004     app_pem4.oem4 (.const:ti_sysbios_knl_Task_Module__diagsMask__C)
                  20012844    00000004     app_pem4.oem4 (.const:ti_sysbios_knl_Task_Module__loggerFxn2__C)
                  20012848    00000004     app_pem4.oem4 (.const:ti_sysbios_knl_Task_Module__loggerFxn4__C)
                  2001284c    00000004     app_pem4.oem4 (.const:ti_sysbios_knl_Task_Module__loggerObj__C)
                  20012850    00000004     app_pem4.oem4 (.const:ti_sysbios_knl_Task_Object__count__C)
                  20012854    00000004     app_pem4.oem4 (.const:ti_sysbios_knl_Task_allBlockedFunc__C)
                  20012858    00000004     app_pem4.oem4 (.const:ti_sysbios_knl_Task_defaultStackHeap__C)
                  2001285c    00000004     app_pem4.oem4 (.const:ti_sysbios_knl_Task_defaultStackSize__C)
                  20012860    00000004     app_pem4.oem4 (.const:ti_sysbios_knl_Task_numConstructedTasks__C)
                  20012864    00000004     app_pem4.oem4 (.const:xdc_runtime_Assert_E_assertFailed__C)
                  20012868    00000004     app_pem4.oem4 (.const:xdc_runtime_Core_A_initializedParams__C)
                  2001286c    00000004     app_pem4.oem4 (.const:xdc_runtime_Core_Module__diagsEnabled__C)
                  20012870    00000004     app_pem4.oem4 (.const:xdc_runtime_Core_Module__diagsIncluded__C)
                  20012874    00000004     app_pem4.oem4 (.const:xdc_runtime_Core_Module__diagsMask__C)
                  20012878    00000004     app_pem4.oem4 (.const:xdc_runtime_Error_E_memory__C)
                  2001287c    00000004     app_pem4.oem4 (.const:xdc_runtime_Error_Module__diagsEnabled__C)
                  20012880    00000004     app_pem4.oem4 (.const:xdc_runtime_Error_Module__diagsIncluded__C)
                  20012884    00000004     app_pem4.oem4 (.const:xdc_runtime_Error_Module__diagsMask__C)
                  20012888    00000004     app_pem4.oem4 (.const:xdc_runtime_Error_Module__loggerFxn8__C)
                  2001288c    00000004     app_pem4.oem4 (.const:xdc_runtime_Error_Module__loggerObj__C)
                  20012890    00000004     app_pem4.oem4 (.const:xdc_runtime_Error_policyFxn__C)
                  20012894    00000004     app_pem4.oem4 (.const:xdc_runtime_Error_raiseHook__C)
                  20012898    00000004     app_pem4.oem4 (.const:xdc_runtime_IFilterLogger_Interface__BASE__C)
                  2001289c    00000004     app_pem4.oem4 (.const:xdc_runtime_IGateProvider_Interface__BASE__C)
                  200128a0    00000004     app_pem4.oem4 (.const:xdc_runtime_IHeap_Interface__BASE__C)
                  200128a4    00000004     app_pem4.oem4 (.const:xdc_runtime_ILogger_Interface__BASE__C)
                  200128a8    00000004     app_pem4.oem4 (.const:xdc_runtime_IModule_Interface__BASE__C)
                  200128ac    00000004     app_pem4.oem4 (.const:xdc_runtime_Log_L_error__C)
                  200128b0    00000004     app_pem4.oem4 (.const:xdc_runtime_LoggerBuf_E_badLevel__C)
                  200128b4    00000004     app_pem4.oem4 (.const:xdc_runtime_LoggerBuf_Module__gateObj__C)
                  200128b8    00000004     app_pem4.oem4 (.const:xdc_runtime_LoggerBuf_Object__count__C)
                  200128bc    00000004     app_pem4.oem4 (.const:xdc_runtime_LoggerBuf_statusLogger__C)
                  200128c0    00000004     app_pem4.oem4 (.const:xdc_runtime_Memory_defaultHeapInstance__C)
                  200128c4    00000004     app_pem4.oem4 (.const:xdc_runtime_Startup_execImpl__C)
                  200128c8    00000004     app_pem4.oem4 (.const:xdc_runtime_Startup_maxPasses__C)
                  200128cc    00000004     app_pem4.oem4 (.const:xdc_runtime_Startup_sfxnRts__C)
                  200128d0    00000004     app_pem4.oem4 (.const:xdc_runtime_Startup_sfxnTab__C)
                  200128d4    00000004     app_pem4.oem4 (.const:xdc_runtime_SysMin_bufSize__C)
                  200128d8    00000004     app_pem4.oem4 (.const:xdc_runtime_SysMin_outputFunc__C)
                  200128dc    00000004     app_pem4.oem4 (.const:xdc_runtime_System_Module__gateObj__C)
                  200128e0    00000004     app_pem4.oem4 (.const:xdc_runtime_System_abortFxn__C)
                  200128e4    00000004     app_pem4.oem4 (.const:xdc_runtime_System_exitFxn__C)
                  200128e8    00000004     app_pem4.oem4 (.const:xdc_runtime_System_extendFxn__C)
                  200128ec    00000004     app_pem4.oem4 (.const:xdc_runtime_System_maxAtexitHandlers__C)
                  200128f0    00000004     app_pem4.oem4 (.const:xdc_runtime_Text_charTab__C)
                  200128f4    00000004     app_pem4.oem4 (.const:xdc_runtime_Text_nameEmpty__C)
                  200128f8    00000004     app_pem4.oem4 (.const:xdc_runtime_Text_nameStatic__C)
                  200128fc    00000004     app_pem4.oem4 (.const:xdc_runtime_Text_nameUnknown__C)
                  20012900    00000004     app_pem4.oem4 (.const:xdc_runtime_Text_nodeTab__C)
                  20012904    00000004     app_pem4.oem4 (.const:xdc_runtime_Text_visitRopeFxn__C)
                  20012908    00000002     app_pem4.oem4 (.const:ti_sysbios_family_arm_m3_Timer_Module__id__C)
                  2001290a    00000002     app_pem4.oem4 (.const:ti_sysbios_family_arm_m3_TimestampProvider_configTimer__C)
                  2001290c    00000002     app_pem4.oem4 (.const:ti_sysbios_gates_GateMutex_Module__id__C)
                  2001290e    00000002     app_pem4.oem4 (.const:ti_sysbios_hal_Hwi_Module__id__C)
                  20012910    00000002     app_pem4.oem4 (.const:ti_sysbios_heaps_HeapMem_Module__id__C)
                  20012912    00000002     app_pem4.oem4 (.const:ti_sysbios_knl_Clock_Module__id__C)
                  20012914    00000002     app_pem4.oem4 (.const:ti_sysbios_knl_Clock_Module__loggerDefined__C)
                  20012916    00000002     app_pem4.oem4 (.const:ti_sysbios_knl_Mailbox_Module__id__C)
                  20012918    00000002     app_pem4.oem4 (.const:ti_sysbios_knl_Semaphore_Module__id__C)
                  2001291a    00000002     app_pem4.oem4 (.const:ti_sysbios_knl_Semaphore_Module__loggerDefined__C)
                  2001291c    00000002     app_pem4.oem4 (.const:ti_sysbios_knl_Swi_Module__id__C)
                  2001291e    00000002     app_pem4.oem4 (.const:ti_sysbios_knl_Swi_Module__loggerDefined__C)
                  20012920    00000002     app_pem4.oem4 (.const:ti_sysbios_knl_Task_Module__id__C)
                  20012922    00000002     app_pem4.oem4 (.const:ti_sysbios_knl_Task_Module__loggerDefined__C)
                  20012924    00000002     app_pem4.oem4 (.const:ti_sysbios_knl_Task_initStackFlag__C)
                  20012926    00000002     app_pem4.oem4 (.const:xdc_runtime_Core_Module__id__C)
                  20012928    00000002     app_pem4.oem4 (.const:xdc_runtime_Error_Module__loggerDefined__C)
                  2001292a    00000002     app_pem4.oem4 (.const:xdc_runtime_Error_maxDepth__C)
                  2001292c    00000002     app_pem4.oem4 (.const:xdc_runtime_LoggerBuf_Module__id__C)
                  2001292e    00000002     app_pem4.oem4 (.const:xdc_runtime_LoggerBuf_filterByLevel__C)
                  20012930    00000002     app_pem4.oem4 (.const:xdc_runtime_Memory_Module__id__C)
                  20012932    00000002     app_pem4.oem4 (.const:xdc_runtime_SysMin_flushAtExit__C)
                  20012934    00000002     app_pem4.oem4 (.const:xdc_runtime_Text_charCnt__C)
                  20012936    00000002     app_pem4.oem4 (.const:xdc_runtime_Text_isLoaded__C)
                  20012938    00000002     app_pem4.oem4 (.const:xdc_runtime_Text_registryModsLastId__C)
                  2001293a    00000002     app_pem4.oem4 (.const:xdc_runtime_Text_unnamedModsLastId__C)

.cinit     0    20012940    00000368     
                  20012940    00000343     (.cinit..data.load) [load image, compression = rle]
                  20012c83    00000001     --HOLE-- [fill = 0]
                  20012c84    0000000c     (__TI_handler_table)
                  20012c90    00000008     (.cinit..bss.load) [load image, compression = zero_init]
                  20012c98    00000010     (__TI_cinit_table)

.bss       0    20018000    0000948e     UNINITIALIZED
                  20018000    00008000     app_pem4.oem4 (.bss:ti_sysbios_heaps_HeapMem_Instance_State_0_buf__A)
                  20020000    00000800     app_pem4.oem4 (.bss:taskStackSection)
                  20020800    00000400     app_pem4.oem4 (.bss:xdc_runtime_LoggerBuf_Instance_State_0_entryArr__A)
                  20020c00    00000400     app_pem4.oem4 (.bss:xdc_runtime_SysMin_Module_State_0_outbuf__A)
                  20021000    0000030c     app_pem4.oem4 (.bss:ti_sysbios_family_arm_m3_Hwi_dispatchTable)
                  2002130c    00000120     rtsv7M4_T_le_eabi.lib : trgmsg.obj (.bss:__CIOBUF_)
                  2002142c    00000024     main.obj (.bss:g_ucConnectionSSID)
                  20021450    00000020     (.common:sRxBuffer)
                  20021470    00000008     (.common:g_ucConnectionBSSID)
                  20021478    00000008     (.common:parmbuf)
                  20021480    00000004     (.common:SimpleLinkSpawnTaskHndl)
                  20021484    00000004     (.common:__Errorlog)
                  20021488    00000004     (.common:simpleLink_mailbox)
                  2002148c    00000001     (.common:g_ucLED1Pin)
                  2002148d    00000001     (.common:g_ucLED2Pin)

.data      0    20021490    00000638     UNINITIALIZED
                  20021490    00000184     simplelink.a : driver.obj (.data)
                  20021614    00000138     app_pem4.oem4 (.data)
                  2002174c    00000080     app_pem4.oem4 (.data:ti_sysbios_knl_Swi_Module_State_0_readyQ__A)
                  200217cc    00000080     app_pem4.oem4 (.data:ti_sysbios_knl_Task_Module_State_0_readyQ__A)
                  2002184c    00000064     simplelink.a : cc_pal.obj (.data)
                  200218b0    0000004c     app_pem4.oem4 (.data:ti_sysbios_knl_Task_Object__table__V)
                  200218fc    00000044     app_pem4.oem4 (.data:ti_sysbios_knl_Task_Module__state__V)
                  20021940    00000038     app_pem4.oem4 (.data:ti_sysbios_gates_GateMutex_Object__table__V)
                  20021978    00000034     app_pem4.oem4 (.data:ti_sysbios_family_arm_m3_Hwi_Module__state__V)
                  200219ac    00000030     app_pem4.oem4 (.data:ti_sysbios_family_arm_m3_Timer_Object__table__V)
                  200219dc    00000030     app_pem4.oem4 (.data:ti_sysbios_knl_Swi_Object__table__V)
                  20021a0c    0000002c     app_pem4.oem4 (.data:ti_sysbios_knl_Clock_Module__state__V)
                  20021a38    00000026     gpio_if.obj (.data)
                  20021a5e    00000002     --HOLE--
                  20021a60    00000024     app_pem4.oem4 (.data:ti_sysbios_BIOS_Module__state__V)
                  20021a84    00000024     app_pem4.oem4 (.data:xdc_runtime_LoggerBuf_Object__table__V)
                  20021aa8    0000000c     main.obj (.data)
                  20021ab4    00000008     rtsv7M4_T_le_eabi.lib : _lock.obj (.data)
                  20021abc    00000008                           : exit.obj (.data)
                  20021ac4    00000004                           : stkdepth_vars.obj (.data)

.stack     0    2002e000    00002000     UNINITIALIZED
                  2002e000    00002000     --HOLE--


LINKER GENERATED COPY TABLES

__TI_cinit_table @ 20012c98 records: 2, size/record: 8, table size: 16
	.data: load addr=20012940, load size=00000343 bytes, run addr=20021490, run size=00000638 bytes, compression=rle
	.bss: load addr=20012c90, load size=00000008 bytes, run addr=20018000, run size=0000948e bytes, compression=zero_init


LINKER GENERATED HANDLER TABLE

__TI_handler_table @ 20012c84 records: 3, size/record: 4, table size: 12
	index: 0, handler: __TI_decompress_rle24
	index: 1, handler: __TI_decompress_none
	index: 2, handler: __TI_zero_init


GLOBAL SYMBOLS: SORTED ALPHABETICALLY BY Name 

address    name
--------   ----
20006f61   BridgeTcp2UartSocketListen
2000e689   C$$EXIT
2000d997   C$$IO$$
2001007d   CPUcpsie
20007f95   ClearTerm
2000fccd   CopyPingResultsToReport
20021858   DMAMsgQ
2000f3c1   DmaSpiSwIntHandler
20007f9f   Error
2000eee1   GPIODirModeSet
20010091   GPIOIntClear
2000fce7   GPIOIntEnable
2000cdf1   GPIOIntTypeSet
2000febb   GPIOPinRead
2000f93d   GPIOPinWrite
20006add   GPIO_IF_ConfigureNIntEnable
20006b75   GPIO_IF_Get
20006a97   GPIO_IF_GetPortNPin
20006839   GPIO_IF_LedConfigure
2000694b   GPIO_IF_LedOff
20006897   GPIO_IF_LedOn
200069ff   GPIO_IF_LedStatus
20006a69   GPIO_IF_LedToggle
20006877   GPIO_IF_SW3GetState
20006889   GPIO_IF_SWConfigure
20006b1f   GPIO_IF_Set
20007fd7   GetCmd
20007f0d   HOSTclock
20007ed5   HOSTclose
20007e97   HOSTgetenv
20007e3b   HOSTlseek
20007de9   HOSTopen
20007d9d   HOSTread
20007d3f   HOSTrename
20007d05   HOSTtime
20007ccd   HOSTunlink
20007c81   HOSTwrite
20007f55   InitTerm
2000be4d   IntEnable
200103cd   IntMasterEnable
2000dd75   IntPendClear
2001044f   LoggerBuf_instanceStartup
200101d5   NwpMaskInterrupt
2000eb75   NwpPowerOff
2000f155   NwpPowerOn
2000ce75   NwpPowerOnPreamble
2000f8b5   NwpRegisterInterruptHandler
20010331   NwpUnMaskInterrupt
2000a03d   PRCMCC3200MCUInit
20010025   PRCMHIBRegRead
2001003b   PRCMHIBRegWrite
2000f5d1   PRCMPeripheralClkDisable
2000ebb1   PRCMPeripheralClkEnable
2000c535   PRCMPeripheralClockGet
2000ddcd   PRCMPeripheralReset
2000ef19   PRCMPeripheralStatusGet
2000f3ed   PRCMSysResetCauseGet
2000c939   PinConfigSet
2000e975   PinModeSet
2000c8a9   PinMuxConfig
2000f185   PinTypeGPIO
2000fd01   PinTypeUART
2000ab5f   ProtocolMessageHandler
2000ab07   ProtocolMessageValidateCrc
2000aa6d   ProtocolSendMessage
20008101   Report
UNDEFED    SHT$$INIT_ARRAY$$Base
UNDEFED    SHT$$INIT_ARRAY$$Limit
2000fed3   SPICSDisable
2000feeb   SPICSEnable
2000c0ed   SPIConfigSetExpClk
2000ff03   SPIDisable
2000fd1b   SPIDmaDisable
2000fd35   SPIDmaEnable
2000ff1b   SPIEnable
2000fd4f   SPIFIFODisable
2000fd69   SPIFIFOEnable
2000ef4d   SPIFIFOLevelSet
2000e335   SPIIntClear
2000e121   SPIIntEnable
2000f8d7   SPIReset
2000f8f9   SPIWordCountSet
20005395   SimpleLinkGeneralEventHandler
2000536d   SimpleLinkHttpServerCallback
200052d7   SimpleLinkNetAppEventHandler
200053ab   SimpleLinkSockEventHandler
20021480   SimpleLinkSpawnTaskHndl
200051cd   SimpleLinkWlanEventHandler
20005a11   SmartConfigConnect
200218b0   TSK_idle
20008069   TrimSpace
20010051   UARTCharGet
2000fb5d   UARTCharPut
2000d1d9   UARTConfigSetExpClk
2000f1b5   UARTDisable
2000f697   UARTEnable
20007f73   UartMessage
2001041f   UtilsDelay
20006203   VDeleteSimpleLinkSpawnTask
200061a9   VStartSimpleLinkSpawnTask
20005b1d   WlanStationMode
20010313   _Dclass
2000e6cd   _Dtest
20012250   _SlAcceptCmdCtrl
20012138   _SlActionLookupTable
200072f5   _SlAsyncEventGenericHandler
20012648   _SlDeviceGetCmdCtrl
2001264c   _SlDeviceSetCmdCtrl
2000ef81   _SlDrvBasicCmd
2000c5c9   _SlDrvClassifyRxMsg
2000cc65   _SlDrvCmdOp
2000f95d   _SlDrvCmdSend
200094c1   _SlDrvDataReadOp
2000fd83   _SlDrvDeviceEventHandler
2000de25   _SlDrvDriverCBDeinit
2000cf75   _SlDrvDriverCBInit
2000f419   _SlDrvFlowContDeinit
2000f445   _SlDrvFlowContInit
20006bb9   _SlDrvMsgRead
2000ba19   _SlDrvMsgReadCmdCtx
2000c819   _SlDrvMsgReadSpawnCtx
2000a73d   _SlDrvMsgWrite
2000bce9   _SlDrvNetAppEventHandler
2000fb99   _SlDrvObjDeInit
[...]
200102b5   xdc_runtime_LoggerBuf_write0__E
200102c5   xdc_runtime_Memory_free__E
200102d5   xdc_runtime_SysMin_ready__E
200102d5   xdc_runtime_System_SupportProxy_ready__E
200102e5   xdc_runtime_System_vsnprintf__E
200102f5   xdc_runtime_Text_visitRope__I
20010305   __TI_decompress_none
20010313   _Dclass
20010321   ti_sysbios_knl_Queue_empty__E
20010331   NwpUnMaskInterrupt
2001033d   ti_sysbios_family_arm_m3_Hwi_Params__init__S
20010349   ti_sysbios_family_arm_m3_Hwi_disableFxn__E
20010349   ti_sysbios_hal_Hwi_HwiProxy_disable__E
20010349   ti_sysbios_hal_Hwi_disable__E
20010355   ti_sysbios_family_arm_m3_TaskSupport_checkStack__E
20010355   ti_sysbios_knl_Task_SupportProxy_checkStack__E
20010361   ti_sysbios_family_arm_m3_TaskSupport_getStackAlignment__E
20010361   ti_sysbios_knl_Task_SupportProxy_getStackAlignment__E
2001036d   ti_sysbios_gates_GateHwi_enter__E
20010379   ti_sysbios_knl_Queue_Object__get__S
20010385   ti_sysbios_knl_Semaphore_Params__init__S
20010391   ti_sysbios_knl_Task_Params__init__S
2001039d   xdc_runtime_Error_init__E
200103a9   xdc_runtime_Gate_enterSystem__E
200103b5   xdc_runtime_Memory_calloc__E
200103c1   xdc_runtime_Memory_getMaxDefaultTypeAlign__E
200103cd   IntMasterEnable
200103eb   xdc_runtime_LoggerBuf_disable__E
200103f5   xdc_runtime_LoggerBuf_enable__E
200103ff   sl_WlanDisconnect
20010407   ti_sysbios_family_arm_m3_Hwi_doSwiRestore__I
2001040f   ti_sysbios_family_arm_m3_Hwi_startup__E
2001040f   ti_sysbios_hal_Hwi_HwiProxy_startup__E
2001040f   ti_sysbios_hal_Hwi_startup__E
20010417   ti_sysbios_knl_Idle_loop__E
2001041f   UtilsDelay
20010425   __xdc__init
2001042b   __TI_decompress_rle24
20010431   ti_sysbios_family_arm_m3_Hwi_restoreFxn__E
20010431   ti_sysbios_hal_Hwi_HwiProxy_restore__E
20010431   ti_sysbios_hal_Hwi_restore__E
20010437   ti_sysbios_gates_GateHwi_leave__E
2001043d   ti_sysbios_heaps_HeapMem_isBlocking__E
20010443   ti_sysbios_knl_Queue_Instance_init__E
20010449   xdc_runtime_System_Module_startup__E
2001044f   LoggerBuf_instanceStartup
20010453   ti_sysbios_BIOS_RtsGateProxy_enter__E
20010457   ti_sysbios_BIOS_RtsGateProxy_leave__E
2001045b   ti_sysbios_family_arm_m3_Hwi_delete
2001045f   ti_sysbios_family_arm_m3_TaskSupport_Module__startupDone__S
20010463   ti_sysbios_family_arm_m3_Timer_getMaxTicks__E
20010467   ti_sysbios_gates_GateHwi_query__E
20010467   xdc_runtime_LoggerBuf_Module_GateProxy_query__E
20010467   xdc_runtime_Main_Module_GateProxy_query__E
20010467   xdc_runtime_System_Module_GateProxy_query__E
2001046b   ti_sysbios_BIOS_RtsGateProxy_query__E
2001046b   ti_sysbios_gates_GateMutex_query__E
2001046b   ti_sysbios_heaps_HeapMem_Module_GateProxy_query__E
2001046f   ti_sysbios_hal_Hwi_HwiProxy_Module__startupDone__S
20010473   ti_sysbios_hal_Timer_TimerProxy_Module__startupDone__S
20010477   ti_sysbios_heaps_HeapMem_Module_GateProxy_enter__E
2001047b   ti_sysbios_heaps_HeapMem_Module_GateProxy_leave__E
2001047f   ti_sysbios_knl_Clock_TimerProxy_Module__startupDone__S
20010483   ti_sysbios_knl_Clock_TimerProxy_getMaxTicks__E
20010487   ti_sysbios_knl_Mailbox_delete
2001048b   ti_sysbios_knl_Queue_destruct
2001048f   ti_sysbios_knl_Semaphore_delete
20010493   ti_sysbios_knl_Semaphore_destruct
20010497   ti_sysbios_knl_Task_SupportProxy_Module__startupDone__S
2001049b   ti_sysbios_knl_Task_delete
2001049f   ti_sysbios_knl_Task_startup__E
200104a3   xdc_runtime_Error_getSite__E
200104a7   xdc_runtime_LoggerBuf_Module_GateProxy_enter__E
200104ab   xdc_runtime_LoggerBuf_Module_GateProxy_leave__E
200104af   xdc_runtime_Memory_HeapProxy_alloc__E
200104b3   xdc_runtime_Memory_HeapProxy_free__E
200104b7   xdc_runtime_System_Module_GateProxy_enter__E
200104bb   xdc_runtime_System_Module_GateProxy_leave__E
200104bf   xdc_runtime_System_aprintf_va__F
200104c3   xdc_runtime_System_printf_va__F
200104c8   xdc_runtime_Text_charTab__A
20011c56   _ctypes_
20011e5c   _SlPolicySetCmdCtrl
20011e60   _SlPolicyGetCmdCtrl
20011e64   _SlProfileGetCmdCtrl
20011e68   _SlProfileDelCmdCtrl
20011e6c   _SlWlanGetNetworkListCtrl
20011e70   _SlRxFilterAddtCmdCtrl
20011e74   _SlRxFilterSetCmdCtrl
20011e78   _SlRxFilterGetCmdCtrl
20011e7c   _SlSmartConfigStartCmdCtrl
20011e80   _SlWlanSetModeCmdCtrl
20011e84   _SlWlanCfgSetCmdCtrl
20011e88   _SlWlanCfgGetCmdCtrl
20011f44   xdc_runtime_Text_nodeTab__A
20012128   g_H2NSyncPattern
20012130   g_H2NCnysPattern
20012138   _SlActionLookupTable
200121b8   ti_sysbios_knl_Task_Object__PARAMS__C
200121f4   xdc_runtime_LoggerBuf_Module__FXNS__C
2001223c   _SlSockSocketCmdCtrl
20012240   _SlSockCloseCmdCtrl
20012244   _SlRecvfomCmdCtrl
20012248   _SlSendCmdCtrl
2001224c   _SlListenCmdCtrl
20012250   _SlAcceptCmdCtrl
20012254   _SlRecvCmdCtrl
20012258   _SlSetSockOptCmdCtrl
2001225c   _SlGetSockOptCmdCtrl
20012260   _SlSelectCmdCtrl
20012264   ti_sysbios_knl_Mailbox_Object__PARAMS__C
20012298   ti_sysbios_family_arm_m3_Hwi_Object__PARAMS__C
200122c8   xdc_runtime_Startup_sfxnTab__A
20012350   _SlNetAppStartCtrl
20012354   _SlNetAppStopCtrl
20012358   _SlGetServiceListeCtrl
2001235c   _SlRegisterServiceCtrl
20012360   _SlGetHostByServiceCtrl
20012364   _SlGetHostByNameCtrl
20012368   _SlNetAppSetCmdCtrl
2001236c   _SlNetAppSendTokenValueCmdCtrl
20012370   _SlNetAppGetCmdCtrl
20012374   ti_sysbios_heaps_HeapMem_Module__FXNS__C
2001239c   ti_sysbios_gates_GateHwi_Module__FXNS__C
200123c0   ti_sysbios_gates_GateMutex_Module__FXNS__C
200123e4   ti_sysbios_heaps_HeapMem_Object__PARAMS__C
20012408   ti_sysbios_knl_Semaphore_Object__PARAMS__C
2001242c   xdc_runtime_LoggerBuf_Object__PARAMS__C
20012472   ti_sysbios_family_arm_m3_Hwi_Module__id__C
20012474   ti_sysbios_family_arm_m3_Hwi_Object__DESC__C
20012494   ti_sysbios_gates_GateHwi_Object__DESC__C
200124b4   ti_sysbios_gates_GateMutex_Object__DESC__C
200124d4   ti_sysbios_heaps_HeapMem_Object__DESC__C
200124f4   ti_sysbios_knl_Mailbox_Object__DESC__C
20012514   ti_sysbios_knl_Queue_Object__DESC__C
20012534   ti_sysbios_knl_Semaphore_Object__DESC__C
20012554   ti_sysbios_knl_Task_Object__DESC__C
20012574   xdc_runtime_LoggerBuf_Object__DESC__C
200125af   xdc_runtime_Error_policy__C
200125c8   ti_sysbios_gates_GateHwi_Object__PARAMS__C
200125e0   ti_sysbios_gates_GateMutex_Object__PARAMS__C
200125f8   ti_sysbios_knl_Queue_Object__PARAMS__C
20012610   xdc_runtime_Startup_sfxnRts__A
2001263c   _SlStopCmdCtrl
20012640   _SlEventMaskSetCmdCtrl
20012644   _SlEventMaskGetCmdCtrl
20012648   _SlDeviceGetCmdCtrl
2001264c   _SlDeviceSetCmdCtrl
20012662   ti_sysbios_family_arm_m3_Hwi_Module__loggerDefined__C
20012664   xdc_runtime_Startup_firstFxns__A
20012670   _SlNetCfgSetCmdCtrl
20012674   _SlNetCfgGetCmdCtrl
20012678   ti_sysbios_family_arm_m3_Hwi_excHookFuncs__A
20012680   ti_sysbios_knl_Idle_funcList__C
20012688   xdc_runtime_Startup_firstFxns__C
20012690   xdc_runtime_Startup_lastFxns__C
20012698   ti_sysbios_family_arm_m3_Hwi_E_NMI__C
2001269c   ti_sysbios_family_arm_m3_Hwi_E_alreadyDefined__C
200126a0   ti_sysbios_family_arm_m3_Hwi_E_busFault__C
200126a4   ti_sysbios_family_arm_m3_Hwi_E_debugMon__C
200126a8   ti_sysbios_family_arm_m3_Hwi_E_hardFault__C
200126ac   ti_sysbios_family_arm_m3_Hwi_E_memFault__C
200126b0   ti_sysbios_family_arm_m3_Hwi_E_noIsr__C
200126b4   ti_sysbios_family_arm_m3_Hwi_E_reserved__C
200126b8   ti_sysbios_family_arm_m3_Hwi_E_svCall__C
200126bc   ti_sysbios_family_arm_m3_Hwi_E_usageFault__C
200126c0   ti_sysbios_family_arm_m3_Hwi_LD_end__C
200126c4   ti_sysbios_family_arm_m3_Hwi_LM_begin__C
200126c8   ti_sysbios_family_arm_m3_Hwi_Module__diagsEnabled__C
200126cc   ti_sysbios_family_arm_m3_Hwi_Module__diagsIncluded__C
200126d0   ti_sysbios_family_arm_m3_Hwi_Module__diagsMask__C
200126d4   ti_sysbios_family_arm_m3_Hwi_Module__loggerFxn1__C
200126d8   ti_sysbios_family_arm_m3_Hwi_Module__loggerFxn8__C
200126dc   ti_sysbios_family_arm_m3_Hwi_Module__loggerObj__C
200126e0   ti_sysbios_family_arm_m3_Hwi_NUM_INTERRUPTS__C
200126e4   ti_sysbios_family_arm_m3_Hwi_Object__count__C
200126e8   ti_sysbios_family_arm_m3_Hwi_ccr__C
200126ec   ti_sysbios_family_arm_m3_Hwi_excHandlerFunc__C
200126f0   ti_sysbios_family_arm_m3_Hwi_excHookFuncs__C
200126f4   ti_sysbios_family_arm_m3_Hwi_nullIsrFunc__C
200126f8   ti_sysbios_family_arm_m3_Hwi_priGroup__C
200126fc   ti_sysbios_family_arm_m3_TaskSupport_stackAlignment__C
20012700   ti_sysbios_family_arm_m3_Timer_E_cannotSupport__C
20012704   ti_sysbios_family_arm_m3_Timer_startupNeeded__C
20012708   ti_sysbios_gates_GateMutex_A_badContext__C
2001270c   ti_sysbios_gates_GateMutex_Instance_State_sem__O
20012710   ti_sysbios_gates_GateMutex_Module__diagsEnabled__C
20012714   ti_sysbios_gates_GateMutex_Module__diagsIncluded__C
20012718   ti_sysbios_gates_GateMutex_Module__diagsMask__C
2001271c   ti_sysbios_hal_Hwi_E_stackOverflow__C
20012720   ti_sysbios_heaps_HeapMem_A_align__C
20012724   ti_sysbios_heaps_HeapMem_A_heapSize__C
20012728   ti_sysbios_heaps_HeapMem_A_invalidFree__C
2001272c   ti_sysbios_heaps_HeapMem_A_zeroBlock__C
20012730   ti_sysbios_heaps_HeapMem_E_memory__C
20012734   ti_sysbios_heaps_HeapMem_Module__diagsEnabled__C
20012738   ti_sysbios_heaps_HeapMem_Module__diagsIncluded__C
2001273c   ti_sysbios_heaps_HeapMem_Module__diagsMask__C
20012740   ti_sysbios_heaps_HeapMem_Module__gateObj__C
20012744   ti_sysbios_heaps_HeapMem_Object__count__C
20012748   ti_sysbios_heaps_HeapMem_reqAlign__C
2001274c   ti_sysbios_knl_Clock_LM_begin__C
20012750   ti_sysbios_knl_Clock_LM_tick__C
20012754   ti_sysbios_knl_Clock_LW_delayed__C
20012758   ti_sysbios_knl_Clock_Module_State_clockQ__O
2001275c   ti_sysbios_knl_Clock_Module__diagsEnabled__C
20012760   ti_sysbios_knl_Clock_Module__diagsIncluded__C
20012764   ti_sysbios_knl_Clock_Module__diagsMask__C
20012768   ti_sysbios_knl_Clock_Module__loggerFxn1__C
2001276c   ti_sysbios_knl_Clock_Module__loggerFxn2__C
20012770   ti_sysbios_knl_Clock_Module__loggerObj__C
20012774   ti_sysbios_knl_Clock_tickPeriod__C
20012778   ti_sysbios_knl_Idle_funcList__A
2001277c   ti_sysbios_knl_Mailbox_A_invalidBufSize__C
20012780   ti_sysbios_knl_Mailbox_Instance_State_dataQue__O
20012784   ti_sysbios_knl_Mailbox_Instance_State_dataSem__O
20012788   ti_sysbios_knl_Mailbox_Instance_State_freeQue__O
2001278c   ti_sysbios_knl_Mailbox_Instance_State_freeSem__O
20012790   ti_sysbios_knl_Mailbox_Module__diagsEnabled__C
20012794   ti_sysbios_knl_Mailbox_Module__diagsIncluded__C
20012798   ti_sysbios_knl_Mailbox_Module__diagsMask__C
2001279c   ti_sysbios_knl_Mailbox_Object__count__C
200127a0   ti_sysbios_knl_Mailbox_maxTypeAlign__C
200127a4   ti_sysbios_knl_Semaphore_A_badContext__C
200127a8   ti_sysbios_knl_Semaphore_A_noEvents__C
200127ac   ti_sysbios_knl_Semaphore_A_overflow__C
200127b0   ti_sysbios_knl_Semaphore_A_pendTaskDisabled__C
200127b4   ti_sysbios_knl_Semaphore_Instance_State_pendQ__O
200127b8   ti_sysbios_knl_Semaphore_LM_pend__C
200127bc   ti_sysbios_knl_Semaphore_LM_post__C
200127c0   ti_sysbios_knl_Semaphore_Module__diagsEnabled__C
200127c4   ti_sysbios_knl_Semaphore_Module__diagsIncluded__C
200127c8   ti_sysbios_knl_Semaphore_Module__diagsMask__C
200127cc   ti_sysbios_knl_Semaphore_Module__loggerFxn2__C
200127d0   ti_sysbios_knl_Semaphore_Module__loggerFxn4__C
200127d4   ti_sysbios_knl_Semaphore_Module__loggerObj__C
200127d8   ti_sysbios_knl_Swi_LD_end__C
200127dc   ti_sysbios_knl_Swi_LM_begin__C
200127e0   ti_sysbios_knl_Swi_LM_post__C
200127e4   ti_sysbios_knl_Swi_Module__diagsEnabled__C
200127e8   ti_sysbios_knl_Swi_Module__diagsIncluded__C
200127ec   ti_sysbios_knl_Swi_Module__diagsMask__C
200127f0   ti_sysbios_knl_Swi_Module__loggerFxn1__C
200127f4   ti_sysbios_knl_Swi_Module__loggerFxn4__C
200127f8   ti_sysbios_knl_Swi_Module__loggerObj__C
200127fc   ti_sysbios_knl_Swi_Object__count__C
20012800   ti_sysbios_knl_Task_A_badPriority__C
20012804   ti_sysbios_knl_Task_A_badTaskState__C
20012808   ti_sysbios_knl_Task_A_badThreadType__C
2001280c   ti_sysbios_knl_Task_A_badTimeout__C
20012810   ti_sysbios_knl_Task_A_noPendElem__C
20012814   ti_sysbios_knl_Task_A_sleepTaskDisabled__C
20012818   ti_sysbios_knl_Task_E_spOutOfBounds__C
2001281c   ti_sysbios_knl_Task_E_stackOverflow__C
20012820   ti_sysbios_knl_Task_LD_block__C
20012824   ti_sysbios_knl_Task_LD_exit__C
20012828   ti_sysbios_knl_Task_LD_ready__C
2001282c   ti_sysbios_knl_Task_LM_sleep__C
20012830   ti_sysbios_knl_Task_LM_switch__C
20012834   ti_sysbios_knl_Task_Module_State_inactiveQ__O
20012838   ti_sysbios_knl_Task_Module__diagsEnabled__C
2001283c   ti_sysbios_knl_Task_Module__diagsIncluded__C
20012840   ti_sysbios_knl_Task_Module__diagsMask__C
20012844   ti_sysbios_knl_Task_Module__loggerFxn2__C
20012848   ti_sysbios_knl_Task_Module__loggerFxn4__C
2001284c   ti_sysbios_knl_Task_Module__loggerObj__C
20012850   ti_sysbios_knl_Task_Object__count__C
20012854   ti_sysbios_knl_Task_allBlockedFunc__C
20012858   ti_sysbios_knl_Task_defaultStackHeap__C
2001285c   ti_sysbios_knl_Task_defaultStackSize__C
20012860   ti_sysbios_knl_Task_numConstructedTasks__C
20012864   xdc_runtime_Assert_E_assertFailed__C
20012868   xdc_runtime_Core_A_initializedParams__C
2001286c   xdc_runtime_Core_Module__diagsEnabled__C
20012870   xdc_runtime_Core_Module__diagsIncluded__C
20012874   xdc_runtime_Core_Module__diagsMask__C
20012878   xdc_runtime_Error_E_memory__C
2001287c   xdc_runtime_Error_Module__diagsEnabled__C
20012880   xdc_runtime_Error_Module__diagsIncluded__C
20012884   xdc_runtime_Error_Module__diagsMask__C
20012888   xdc_runtime_Error_Module__loggerFxn8__C
2001288c   xdc_runtime_Error_Module__loggerObj__C
20012890   xdc_runtime_Error_policyFxn__C
20012894   xdc_runtime_Error_raiseHook__C
20012898   xdc_runtime_IFilterLogger_Interface__BASE__C
2001289c   xdc_runtime_IGateProvider_Interface__BASE__C
200128a0   xdc_runtime_IHeap_Interface__BASE__C
200128a4   xdc_runtime_ILogger_Interface__BASE__C
200128a8   xdc_runtime_IModule_Interface__BASE__C
200128ac   xdc_runtime_Log_L_error__C
200128b0   xdc_runtime_LoggerBuf_E_badLevel__C
200128b4   xdc_runtime_LoggerBuf_Module__gateObj__C
200128b8   xdc_runtime_LoggerBuf_Object__count__C
200128bc   xdc_runtime_LoggerBuf_statusLogger__C
200128c0   xdc_runtime_Memory_defaultHeapInstance__C
200128c4   xdc_runtime_Startup_execImpl__C
200128c8   xdc_runtime_Startup_maxPasses__C
200128cc   xdc_runtime_Startup_sfxnRts__C
200128d0   xdc_runtime_Startup_sfxnTab__C
200128d4   xdc_runtime_SysMin_bufSize__C
200128d8   xdc_runtime_SysMin_outputFunc__C
200128dc   xdc_runtime_System_Module__gateObj__C
200128e0   xdc_runtime_System_abortFxn__C
200128e4   xdc_runtime_System_exitFxn__C
200128e8   xdc_runtime_System_extendFxn__C
200128ec   xdc_runtime_System_maxAtexitHandlers__C
200128f0   xdc_runtime_Text_charTab__C
200128f4   xdc_runtime_Text_nameEmpty__C
200128f8   xdc_runtime_Text_nameStatic__C
200128fc   xdc_runtime_Text_nameUnknown__C
20012900   xdc_runtime_Text_nodeTab__C
20012904   xdc_runtime_Text_visitRopeFxn__C
20012908   ti_sysbios_family_arm_m3_Timer_Module__id__C
2001290a   ti_sysbios_family_arm_m3_TimestampProvider_configTimer__C
2001290c   ti_sysbios_gates_GateMutex_Module__id__C
2001290e   ti_sysbios_hal_Hwi_Module__id__C
20012910   ti_sysbios_heaps_HeapMem_Module__id__C
20012912   ti_sysbios_knl_Clock_Module__id__C
20012914   ti_sysbios_knl_Clock_Module__loggerDefined__C
20012916   ti_sysbios_knl_Mailbox_Module__id__C
20012918   ti_sysbios_knl_Semaphore_Module__id__C
2001291a   ti_sysbios_knl_Semaphore_Module__loggerDefined__C
2001291c   ti_sysbios_knl_Swi_Module__id__C
2001291e   ti_sysbios_knl_Swi_Module__loggerDefined__C
20012920   ti_sysbios_knl_Task_Module__id__C
20012922   ti_sysbios_knl_Task_Module__loggerDefined__C
20012924   ti_sysbios_knl_Task_initStackFlag__C
20012926   xdc_runtime_Core_Module__id__C
20012928   xdc_runtime_Error_Module__loggerDefined__C
2001292a   xdc_runtime_Error_maxDepth__C
2001292c   xdc_runtime_LoggerBuf_Module__id__C
2001292e   xdc_runtime_LoggerBuf_filterByLevel__C
20012930   xdc_runtime_Memory_Module__id__C
20012932   xdc_runtime_SysMin_flushAtExit__C
20012934   xdc_runtime_Text_charCnt__C
20012936   xdc_runtime_Text_isLoaded__C
20012938   xdc_runtime_Text_registryModsLastId__C
2001293a   xdc_runtime_Text_unnamedModsLastId__C
20012940   __TI_static_base__
20012c84   __TI_Handler_Table_Base
20012c90   __TI_Handler_Table_Limit
20012c98   __TI_CINIT_Base
20012ca8   __TI_CINIT_Limit
20018000   ti_sysbios_heaps_HeapMem_Instance_State_0_buf__A
20020000   ti_sysbios_knl_Task_Instance_State_0_stack__A
20020800   xdc_runtime_LoggerBuf_Instance_State_0_entryArr__A
20020c00   xdc_runtime_SysMin_Module_State_0_outbuf__A
20021000   ti_sysbios_family_arm_m3_Hwi_dispatchTable
2002130c   __CIOBUF_
2002142c   g_ucConnectionSSID
20021470   g_ucConnectionBSSID
20021480   SimpleLinkSpawnTaskHndl
20021488   simpleLink_mailbox
2002148c   g_ucLED1Pin
2002148d   g_ucLED2Pin
20021490   pPingCallBackFunc
20021494   gFirstCmdMode
20021498   g_pCB
2002149c   g_StatMem
20021614   ti_sysbios_family_arm_m3_Hwi_Module__root__V
2002161c   ti_sysbios_family_arm_m3_Hwi_Object__table__V
20021634   ti_sysbios_family_arm_m3_Hwi_Module_State_0_excActive__A
20021638   ti_sysbios_family_arm_m3_Hwi_Module_State_0_excContext__A
2002163c   ti_sysbios_family_arm_m3_Hwi_Module_State_0_excStack__A
20021640   ti_sysbios_family_arm_m3_Timer_Module__root__V
20021648   ti_sysbios_family_arm_m3_Timer_Module__state__V
20021654   ti_sysbios_family_arm_m3_TimestampProvider_Module__state__V
20021658   ti_sysbios_gates_GateHwi_Module__root__V
20021660   ti_sysbios_gates_GateHwi_Object__table__V
20021664   ti_sysbios_gates_GateMutex_Module__root__V
2002166c   ti_sysbios_hal_Hwi_Module__root__V
20021674   ti_sysbios_hal_Timer_Module__root__V
2002167c   ti_sysbios_heaps_HeapMem_Module__root__V
20021684   ti_sysbios_heaps_HeapMem_Object__table__V
2002169c   ti_sysbios_knl_Clock_Module__root__V
200216a4   ti_sysbios_knl_Event_Module__root__V
200216ac   ti_sysbios_knl_Mailbox_Module__root__V
200216b4   ti_sysbios_knl_Queue_Module__root__V
200216bc   ti_sysbios_knl_Semaphore_Module__root__V
200216c4   ti_sysbios_knl_Swi_Module__root__V
200216cc   ti_sysbios_knl_Swi_Module__state__V
200216e8   ti_sysbios_knl_Task_Module__root__V
200216f0   ti_sysbios_knl_Task_Module_State_0_idleTask__A
200216f4   xdc_runtime_Error_Module__state__V
200216f8   xdc_runtime_LoggerBuf_Module__root__V
20021700   xdc_runtime_LoggerBuf_Module__state__V
20021708   xdc_runtime_Memory_Module__state__V
2002170c   xdc_runtime_Registry_Module__state__V
20021714   xdc_runtime_Startup_Module__state__V
2002171c   xdc_runtime_SysMin_Module__state__V
20021728   xdc_runtime_System_Module_State_0_atexitHandlers__A
20021738   xdc_runtime_System_Module__state__V
20021740   xdc_runtime_Text_Module__state__V
20021748   __xdc__init__addr
2002174c   ti_sysbios_knl_Swi_Module_State_0_readyQ__A
200217cc   ti_sysbios_knl_Task_Module_State_0_readyQ__A
2002184c   g_SpiFd
20021850   g_pHostIntHdl
20021854   g_ucDMAEnabled
20021858   DMAMsgQ
2002185c   g_cDummy
20021860   g_ucDinDout
200218b0   TSK_idle
200218b0   ti_sysbios_knl_Task_Object__table__V
200218fc   ti_sysbios_knl_Task_Module__state__V
20021940   ti_sysbios_gates_GateMutex_Object__table__V
20021978   ti_sysbios_family_arm_m3_Hwi_Module__state__V
200219ac   ti_sysbios_family_arm_m3_Timer_Object__table__V
200219dc   ti_sysbios_knl_Swi_Object__table__V
20021a0c   ti_sysbios_knl_Clock_Module__state__V
20021a4c   g_uiLED1Port
20021a50   g_uiLED2Port
20021a54   g_uiLED3Port
20021a58   g_uiSW3Port
20021a5c   g_ucLED3Pin
20021a5d   g_ucSW3Pin
20021a60   ti_sysbios_BIOS_Module__state__V
20021a84   xdc_runtime_LoggerBuf_Object__table__V
20021aa8   g_ulStatus
20021aac   g_ulPingPacketsRecv
20021ab0   g_ulGatewayIP
20021ab4   _lock
20021ab8   _unlock
20021abc   __TI_cleanup_ptr
20021ac0   __TI_dtors_ptr
20021ac4   main_func_sp
2002e000   __stack
20030000   __STACK_END
e000e000   ti_sysbios_family_arm_m3_Hwi_nvic
ffffffff   __binit__
ffffffff   __c_args__
ffffffff   binit
UNDEFED    SHT$$INIT_ARRAY$$Base
UNDEFED    SHT$$INIT_ARRAY$$Limit

[906 symbols]
